Archive member included to satisfy reference by file (symbol)

/opt/stm32cubeide/plugins/com.st.stm32cube.ide.mcu.externaltools.gnu-tools-for-stm32.10.3-2021.10.linux64_1.0.0.202111181127/tools/bin/../lib/gcc/arm-none-eabi/10.3.1/../../../../arm-none-eabi/lib/thumb/v7e-m+fp/hard/libc_nano.a(lib_a-errno.o)
                              ./Core/Src/syscalls.o (__errno)
/opt/stm32cubeide/plugins/com.st.stm32cube.ide.mcu.externaltools.gnu-tools-for-stm32.10.3-2021.10.linux64_1.0.0.202111181127/tools/bin/../lib/gcc/arm-none-eabi/10.3.1/../../../../arm-none-eabi/lib/thumb/v7e-m+fp/hard/libc_nano.a(lib_a-exit.o)
                              /opt/stm32cubeide/plugins/com.st.stm32cube.ide.mcu.externaltools.gnu-tools-for-stm32.10.3-2021.10.linux64_1.0.0.202111181127/tools/bin/../lib/gcc/arm-none-eabi/10.3.1/../../../../arm-none-eabi/lib/thumb/v7e-m+fp/hard/crt0.o (exit)
/opt/stm32cubeide/plugins/com.st.stm32cube.ide.mcu.externaltools.gnu-tools-for-stm32.10.3-2021.10.linux64_1.0.0.202111181127/tools/bin/../lib/gcc/arm-none-eabi/10.3.1/../../../../arm-none-eabi/lib/thumb/v7e-m+fp/hard/libc_nano.a(lib_a-impure.o)
                              /opt/stm32cubeide/plugins/com.st.stm32cube.ide.mcu.externaltools.gnu-tools-for-stm32.10.3-2021.10.linux64_1.0.0.202111181127/tools/bin/../lib/gcc/arm-none-eabi/10.3.1/../../../../arm-none-eabi/lib/thumb/v7e-m+fp/hard/libc_nano.a(lib_a-exit.o) (_global_impure_ptr)
/opt/stm32cubeide/plugins/com.st.stm32cube.ide.mcu.externaltools.gnu-tools-for-stm32.10.3-2021.10.linux64_1.0.0.202111181127/tools/bin/../lib/gcc/arm-none-eabi/10.3.1/../../../../arm-none-eabi/lib/thumb/v7e-m+fp/hard/libc_nano.a(lib_a-init.o)
                              /opt/stm32cubeide/plugins/com.st.stm32cube.ide.mcu.externaltools.gnu-tools-for-stm32.10.3-2021.10.linux64_1.0.0.202111181127/tools/bin/../lib/gcc/arm-none-eabi/10.3.1/../../../../arm-none-eabi/lib/thumb/v7e-m+fp/hard/crt0.o (__libc_init_array)
/opt/stm32cubeide/plugins/com.st.stm32cube.ide.mcu.externaltools.gnu-tools-for-stm32.10.3-2021.10.linux64_1.0.0.202111181127/tools/bin/../lib/gcc/arm-none-eabi/10.3.1/../../../../arm-none-eabi/lib/thumb/v7e-m+fp/hard/libc_nano.a(lib_a-malloc.o)
                              ./Middlewares/ST/STM32_USB_Device_Library/Class/CDC/Src/usbd_cdc.o (malloc)
/opt/stm32cubeide/plugins/com.st.stm32cube.ide.mcu.externaltools.gnu-tools-for-stm32.10.3-2021.10.linux64_1.0.0.202111181127/tools/bin/../lib/gcc/arm-none-eabi/10.3.1/../../../../arm-none-eabi/lib/thumb/v7e-m+fp/hard/libc_nano.a(lib_a-memset.o)
                              /opt/stm32cubeide/plugins/com.st.stm32cube.ide.mcu.externaltools.gnu-tools-for-stm32.10.3-2021.10.linux64_1.0.0.202111181127/tools/bin/../lib/gcc/arm-none-eabi/10.3.1/../../../../arm-none-eabi/lib/thumb/v7e-m+fp/hard/crt0.o (memset)
/opt/stm32cubeide/plugins/com.st.stm32cube.ide.mcu.externaltools.gnu-tools-for-stm32.10.3-2021.10.linux64_1.0.0.202111181127/tools/bin/../lib/gcc/arm-none-eabi/10.3.1/../../../../arm-none-eabi/lib/thumb/v7e-m+fp/hard/libc_nano.a(lib_a-nano-freer.o)
                              /opt/stm32cubeide/plugins/com.st.stm32cube.ide.mcu.externaltools.gnu-tools-for-stm32.10.3-2021.10.linux64_1.0.0.202111181127/tools/bin/../lib/gcc/arm-none-eabi/10.3.1/../../../../arm-none-eabi/lib/thumb/v7e-m+fp/hard/libc_nano.a(lib_a-malloc.o) (_free_r)
/opt/stm32cubeide/plugins/com.st.stm32cube.ide.mcu.externaltools.gnu-tools-for-stm32.10.3-2021.10.linux64_1.0.0.202111181127/tools/bin/../lib/gcc/arm-none-eabi/10.3.1/../../../../arm-none-eabi/lib/thumb/v7e-m+fp/hard/libc_nano.a(lib_a-nano-mallocr.o)
                              /opt/stm32cubeide/plugins/com.st.stm32cube.ide.mcu.externaltools.gnu-tools-for-stm32.10.3-2021.10.linux64_1.0.0.202111181127/tools/bin/../lib/gcc/arm-none-eabi/10.3.1/../../../../arm-none-eabi/lib/thumb/v7e-m+fp/hard/libc_nano.a(lib_a-malloc.o) (_malloc_r)
/opt/stm32cubeide/plugins/com.st.stm32cube.ide.mcu.externaltools.gnu-tools-for-stm32.10.3-2021.10.linux64_1.0.0.202111181127/tools/bin/../lib/gcc/arm-none-eabi/10.3.1/../../../../arm-none-eabi/lib/thumb/v7e-m+fp/hard/libc_nano.a(lib_a-sbrkr.o)
                              /opt/stm32cubeide/plugins/com.st.stm32cube.ide.mcu.externaltools.gnu-tools-for-stm32.10.3-2021.10.linux64_1.0.0.202111181127/tools/bin/../lib/gcc/arm-none-eabi/10.3.1/../../../../arm-none-eabi/lib/thumb/v7e-m+fp/hard/libc_nano.a(lib_a-nano-mallocr.o) (_sbrk_r)
/opt/stm32cubeide/plugins/com.st.stm32cube.ide.mcu.externaltools.gnu-tools-for-stm32.10.3-2021.10.linux64_1.0.0.202111181127/tools/bin/../lib/gcc/arm-none-eabi/10.3.1/../../../../arm-none-eabi/lib/thumb/v7e-m+fp/hard/libc_nano.a(lib_a-mlock.o)
                              /opt/stm32cubeide/plugins/com.st.stm32cube.ide.mcu.externaltools.gnu-tools-for-stm32.10.3-2021.10.linux64_1.0.0.202111181127/tools/bin/../lib/gcc/arm-none-eabi/10.3.1/../../../../arm-none-eabi/lib/thumb/v7e-m+fp/hard/libc_nano.a(lib_a-nano-freer.o) (__malloc_lock)
[...]
Memory Configuration

Name             Origin             Length             Attributes
RAM              0x0000000020000000 0x0000000000040000 xrw
FLASH            0x0000000008000000 0x0000000000080000 xr
*default*        0x0000000000000000 0xffffffffffffffff

Linker script and memory map

LOAD /opt/stm32cubeide/plugins/com.st.stm32cube.ide.mcu.externaltools.gnu-tools-for-stm32.10.3-2021.10.linux64_1.0.0.202111181127/tools/bin/../lib/gcc/arm-none-eabi/10.3.1/thumb/v7e-m+fp/hard/crti.o
LOAD /opt/stm32cubeide/plugins/com.st.stm32cube.ide.mcu.externaltools.gnu-tools-for-stm32.10.3-2021.10.linux64_1.0.0.202111181127/tools/bin/../lib/gcc/arm-none-eabi/10.3.1/thumb/v7e-m+fp/hard/crtbegin.o
LOAD /opt/stm32cubeide/plugins/com.st.stm32cube.ide.mcu.externaltools.gnu-tools-for-stm32.10.3-2021.10.linux64_1.0.0.202111181127/tools/bin/../lib/gcc/arm-none-eabi/10.3.1/../../../../arm-none-eabi/lib/thumb/v7e-m+fp/hard/crt0.o
LOAD ./Core/Src/main.o
LOAD ./Core/Src/stm32f7xx_hal_msp.o
LOAD ./Core/Src/stm32f7xx_it.o
LOAD ./Core/Src/syscalls.o
LOAD ./Core/Src/sysmem.o
LOAD ./Core/Src/system_stm32f7xx.o
LOAD ./Core/Startup/startup_stm32f723iekx.o
LOAD ./Drivers/STM32F7xx_HAL_Driver/Src/stm32f7xx_hal.o
LOAD ./Drivers/STM32F7xx_HAL_Driver/Src/stm32f7xx_hal_cortex.o
LOAD ./Drivers/STM32F7xx_HAL_Driver/Src/stm32f7xx_hal_dma.o
LOAD ./Drivers/STM32F7xx_HAL_Driver/Src/stm32f7xx_hal_dma_ex.o
LOAD ./Drivers/STM32F7xx_HAL_Driver/Src/stm32f7xx_hal_exti.o
LOAD ./Drivers/STM32F7xx_HAL_Driver/Src/stm32f7xx_hal_flash.o
LOAD ./Drivers/STM32F7xx_HAL_Driver/Src/stm32f7xx_hal_flash_ex.o
LOAD ./Drivers/STM32F7xx_HAL_Driver/Src/stm32f7xx_hal_gpio.o
LOAD ./Drivers/STM32F7xx_HAL_Driver/Src/stm32f7xx_hal_i2c.o
LOAD ./Drivers/STM32F7xx_HAL_Driver/Src/stm32f7xx_hal_i2c_ex.o
LOAD ./Drivers/STM32F7xx_HAL_Driver/Src/stm32f7xx_hal_pcd.o
LOAD ./Drivers/STM32F7xx_HAL_Driver/Src/stm32f7xx_hal_pcd_ex.o
LOAD ./Drivers/STM32F7xx_HAL_Driver/Src/stm32f7xx_hal_pwr.o
LOAD ./Drivers/STM32F7xx_HAL_Driver/Src/stm32f7xx_hal_pwr_ex.o
LOAD ./Drivers/STM32F7xx_HAL_Driver/Src/stm32f7xx_hal_rcc.o
LOAD ./Drivers/STM32F7xx_HAL_Driver/Src/stm32f7xx_hal_rcc_ex.o
LOAD ./Drivers/STM32F7xx_HAL_Driver/Src/stm32f7xx_hal_tim.o
LOAD ./Drivers/STM32F7xx_HAL_Driver/Src/stm32f7xx_hal_tim_ex.o
LOAD ./Drivers/STM32F7xx_HAL_Driver/Src/stm32f7xx_ll_usb.o
LOAD ./Middlewares/ST/STM32_USB_Device_Library/Class/CDC/Src/usbd_cdc.o
LOAD ./Middlewares/ST/STM32_USB_Device_Library/Core/Src/usbd_core.o
LOAD ./Middlewares/ST/STM32_USB_Device_Library/Core/Src/usbd_ctlreq.o
LOAD ./Middlewares/ST/STM32_USB_Device_Library/Core/Src/usbd_ioreq.o
LOAD ./USB_DEVICE/App/usb_device.o
LOAD ./USB_DEVICE/App/usbd_cdc_if.o
LOAD ./USB_DEVICE/App/usbd_desc.o
LOAD ./USB_DEVICE/Target/usbd_conf.o
START GROUP
LOAD /opt/stm32cubeide/plugins/com.st.stm32cube.ide.mcu.externaltools.gnu-tools-for-stm32.10.3-2021.10.linux64_1.0.0.202111181127/tools/bin/../lib/gcc/arm-none-eabi/10.3.1/../../../../arm-none-eabi/lib/thumb/v7e-m+fp/hard/libc_nano.a
LOAD /opt/stm32cubeide/plugins/com.st.stm32cube.ide.mcu.externaltools.gnu-tools-for-stm32.10.3-2021.10.linux64_1.0.0.202111181127/tools/bin/../lib/gcc/arm-none-eabi/10.3.1/../../../../arm-none-eabi/lib/thumb/v7e-m+fp/hard/libm.a
END GROUP
START GROUP
LOAD /opt/stm32cubeide/plugins/com.st.stm32cube.ide.mcu.externaltools.gnu-tools-for-stm32.10.3-2021.10.linux64_1.0.0.202111181127/tools/bin/../lib/gcc/arm-none-eabi/10.3.1/thumb/v7e-m+fp/hard/libgcc.a
LOAD /opt/stm32cubeide/plugins/com.st.stm32cube.ide.mcu.externaltools.gnu-tools-for-stm32.10.3-2021.10.linux64_1.0.0.202111181127/tools/bin/../lib/gcc/arm-none-eabi/10.3.1/../../../../arm-none-eabi/lib/thumb/v7e-m+fp/hard/libc_nano.a
END GROUP
START GROUP
LOAD /opt/stm32cubeide/plugins/com.st.stm32cube.ide.mcu.externaltools.gnu-tools-for-stm32.10.3-2021.10.linux64_1.0.0.202111181127/tools/bin/../lib/gcc/arm-none-eabi/10.3.1/thumb/v7e-m+fp/hard/libgcc.a
LOAD /opt/stm32cubeide/plugins/com.st.stm32cube.ide.mcu.externaltools.gnu-tools-for-stm32.10.3-2021.10.linux64_1.0.0.202111181127/tools/bin/../lib/gcc/arm-none-eabi/10.3.1/../../../../arm-none-eabi/lib/thumb/v7e-m+fp/hard/libc_nano.a
LOAD /opt/stm32cubeide/plugins/com.st.stm32cube.ide.mcu.externaltools.gnu-tools-for-stm32.10.3-2021.10.linux64_1.0.0.202111181127/tools/bin/../lib/gcc/arm-none-eabi/10.3.1/../../../../arm-none-eabi/lib/thumb/v7e-m+fp/hard/libnosys.a
END GROUP
START GROUP
LOAD /opt/stm32cubeide/plugins/com.st.stm32cube.ide.mcu.externaltools.gnu-tools-for-stm32.10.3-2021.10.linux64_1.0.0.202111181127/tools/bin/../lib/gcc/arm-none-eabi/10.3.1/thumb/v7e-m+fp/hard/libgcc.a
LOAD /opt/stm32cubeide/plugins/com.st.stm32cube.ide.mcu.externaltools.gnu-tools-for-stm32.10.3-2021.10.linux64_1.0.0.202111181127/tools/bin/../lib/gcc/arm-none-eabi/10.3.1/../../../../arm-none-eabi/lib/thumb/v7e-m+fp/hard/libc_nano.a
LOAD /opt/stm32cubeide/plugins/com.st.stm32cube.ide.mcu.externaltools.gnu-tools-for-stm32.10.3-2021.10.linux64_1.0.0.202111181127/tools/bin/../lib/gcc/arm-none-eabi/10.3.1/../../../../arm-none-eabi/lib/thumb/v7e-m+fp/hard/libnosys.a
END GROUP
LOAD /opt/stm32cubeide/plugins/com.st.stm32cube.ide.mcu.externaltools.gnu-tools-for-stm32.10.3-2021.10.linux64_1.0.0.202111181127/tools/bin/../lib/gcc/arm-none-eabi/10.3.1/thumb/v7e-m+fp/hard/crtend.o
LOAD /opt/stm32cubeide/plugins/com.st.stm32cube.ide.mcu.externaltools.gnu-tools-for-stm32.10.3-2021.10.linux64_1.0.0.202111181127/tools/bin/../lib/gcc/arm-none-eabi/10.3.1/thumb/v7e-m+fp/hard/crtn.o
                0x0000000020040000                _estack = (ORIGIN (RAM) + LENGTH (RAM))
                0x0000000000000200                _Min_Heap_Size = 0x200
                0x0000000000000400                _Min_Stack_Size = 0x400

.isr_vector     0x0000000008000000      0x1e0
                0x0000000008000000                . = ALIGN (0x4)
 *(.isr_vector)
 .isr_vector    0x0000000008000000      0x1e0 ./Core/Startup/startup_stm32f723iekx.o
                0x0000000008000000                g_pfnVectors
                0x00000000080001e0                . = ALIGN (0x4)

.text           0x00000000080001e0     0x77a4
                0x00000000080001e0                . = ALIGN (0x4)
 *(.text)
 .text          0x00000000080001e0       0x40 /opt/stm32cubeide/plugins/com.st.stm32cube.ide.mcu.externaltools.gnu-tools-for-stm32.10.3-2021.10.linux64_1.0.0.202111181127/tools/bin/../lib/gcc/arm-none-eabi/10.3.1/thumb/v7e-m+fp/hard/crtbegin.o
 .text          0x0000000008000220       0x30 /opt/stm32cubeide/plugins/com.st.stm32cube.ide.mcu.externaltools.gnu-tools-for-stm32.10.3-2021.10.linux64_1.0.0.202111181127/tools/bin/../lib/gcc/arm-none-eabi/10.3.1/thumb/v7e-m+fp/hard/libgcc.a(_aeabi_uldivmod.o)
                0x0000000008000220                __aeabi_uldivmod
 .text          0x0000000008000250      0x2d0 /opt/stm32cubeide/plugins/com.st.stm32cube.ide.mcu.externaltools.gnu-tools-for-stm32.10.3-2021.10.linux64_1.0.0.202111181127/tools/bin/../lib/gcc/arm-none-eabi/10.3.1/thumb/v7e-m+fp/hard/libgcc.a(_udivmoddi4.o)
                0x0000000008000250                __udivmoddi4
 .text          0x0000000008000520        0x4 /opt/stm32cubeide/plugins/com.st.stm32cube.ide.mcu.externaltools.gnu-tools-for-stm32.10.3-2021.10.linux64_1.0.0.202111181127/tools/bin/../lib/gcc/arm-none-eabi/10.3.1/thumb/v7e-m+fp/hard/libgcc.a(_dvmd_tls.o)
                0x0000000008000520                __aeabi_ldiv0
                0x0000000008000520                __aeabi_idiv0
 *(.text*)
 .text.SCB_EnableICache
                0x0000000008000524       0x4c ./Core/Src/main.o
 .text.SCB_EnableDCache
                0x0000000008000570       0x88 ./Core/Src/main.o
 .text.main     0x00000000080005f8       0x88 ./Core/Src/main.o
                0x00000000080005f8                main
 .text.SystemClock_Config
                0x0000000008000680       0xe0 ./Core/Src/main.o
                0x0000000008000680                SystemClock_Config
 .text.MX_GPIO_Init
                0x0000000008000760      0x810 ./Core/Src/main.o
 .text.Error_Handler
                0x0000000008000f70        0xa ./Core/Src/main.o
                0x0000000008000f70                Error_Handler
 *fill*         0x0000000008000f7a        0x2 
 .text.HAL_MspInit
                0x0000000008000f7c       0x48 ./Core/Src/stm32f7xx_hal_msp.o
                0x0000000008000f7c                HAL_MspInit
 .text.NMI_Handler
                0x0000000008000fc4        0x6 ./Core/Src/stm32f7xx_it.o
                0x0000000008000fc4                NMI_Handler
 .text.HardFault_Handler
                0x0000000008000fca        0x6 ./Core/Src/stm32f7xx_it.o
                0x0000000008000fca                HardFault_Handler
 .text.MemManage_Handler
                0x0000000008000fd0        0x6 ./Core/Src/stm32f7xx_it.o
                0x0000000008000fd0                MemManage_Handler
 .text.BusFault_Handler
                0x0000000008000fd6        0x6 ./Core/Src/stm32f7xx_it.o
                0x0000000008000fd6                BusFault_Handler
 .text.UsageFault_Handler
                0x0000000008000fdc        0x6 ./Core/Src/stm32f7xx_it.o
                0x0000000008000fdc                UsageFault_Handler
 .text.SVC_Handler
                0x0000000008000fe2        0xe ./Core/Src/stm32f7xx_it.o
                0x0000000008000fe2                SVC_Handler
 .text.DebugMon_Handler
                0x0000000008000ff0        0xe ./Core/Src/stm32f7xx_it.o
                0x0000000008000ff0                DebugMon_Handler
 .text.PendSV_Handler
                0x0000000008000ffe        0xe ./Core/Src/stm32f7xx_it.o
                0x0000000008000ffe                PendSV_Handler
 .text.SysTick_Handler
                0x000000000800100c        0xc ./Core/Src/stm32f7xx_it.o
                0x000000000800100c                SysTick_Handler
 .text.OTG_HS_IRQHandler
                0x0000000008001018       0x14 ./Core/Src/stm32f7xx_it.o
                0x0000000008001018                OTG_HS_IRQHandler
 .text._sbrk    0x000000000800102c       0x6c ./Core/Src/sysmem.o
                0x000000000800102c                _sbrk
 .text.SystemInit
                0x0000000008001098       0x24 ./Core/Src/system_stm32f7xx.o
                0x0000000008001098                SystemInit
 .text.Reset_Handler
                0x00000000080010bc       0x50 ./Core/Startup/startup_stm32f723iekx.o
                0x00000000080010bc                Reset_Handler
 .text.Default_Handler
                0x000000000800110c        0x2 ./Core/Startup/startup_stm32f723iekx.o
                0x000000000800110c                RTC_Alarm_IRQHandler
                0x000000000800110c                EXTI2_IRQHandler
                0x000000000800110c                TIM8_CC_IRQHandler
                0x000000000800110c                UART8_IRQHandler
                0x000000000800110c                SPI4_IRQHandler
                0x000000000800110c                TIM1_CC_IRQHandler
                0x000000000800110c                DMA2_Stream5_IRQHandler
                0x000000000800110c                DMA1_Stream5_IRQHandler
                0x000000000800110c                PVD_IRQHandler
                0x000000000800110c                TAMP_STAMP_IRQHandler
                0x000000000800110c                EXTI3_IRQHandler
                0x000000000800110c                TIM8_TRG_COM_TIM14_IRQHandler
                0x000000000800110c                TIM1_UP_TIM10_IRQHandler
                0x000000000800110c                TIM8_UP_TIM13_IRQHandler
                0x000000000800110c                I2C3_ER_IRQHandler
                0x000000000800110c                EXTI0_IRQHandler
                0x000000000800110c                I2C2_EV_IRQHandler
                0x000000000800110c                DMA1_Stream2_IRQHandler
                0x000000000800110c                CAN1_RX0_IRQHandler
                0x000000000800110c                FPU_IRQHandler
                0x000000000800110c                OTG_HS_WKUP_IRQHandler
                0x000000000800110c                DMA2_Stream2_IRQHandler
                0x000000000800110c                SPI1_IRQHandler
                0x000000000800110c                TIM6_DAC_IRQHandler
                0x000000000800110c                TIM1_BRK_TIM9_IRQHandler
                0x000000000800110c                DMA2_Stream3_IRQHandler
                0x000000000800110c                SAI2_IRQHandler
                0x000000000800110c                USART6_IRQHandler
                0x000000000800110c                USART3_IRQHandler
                0x000000000800110c                CAN1_RX1_IRQHandler
                0x000000000800110c                UART5_IRQHandler
                0x000000000800110c                DMA2_Stream0_IRQHandler
                0x000000000800110c                TIM4_IRQHandler
                0x000000000800110c                QUADSPI_IRQHandler
                0x000000000800110c                I2C1_EV_IRQHandler
                0x000000000800110c                DMA1_Stream6_IRQHandler
                0x000000000800110c                DMA1_Stream1_IRQHandler
                0x000000000800110c                UART4_IRQHandler
                0x000000000800110c                TIM3_IRQHandler
                0x000000000800110c                RCC_IRQHandler
                0x000000000800110c                TIM8_BRK_TIM12_IRQHandler
                0x000000000800110c                Default_Handler
                0x000000000800110c                EXTI15_10_IRQHandler
                0x000000000800110c                ADC_IRQHandler
                0x000000000800110c                DMA1_Stream7_IRQHandler
                0x000000000800110c                SPI5_IRQHandler
                0x000000000800110c                TIM7_IRQHandler
                0x000000000800110c                SDMMC1_IRQHandler
                0x000000000800110c                TIM5_IRQHandler
                0x000000000800110c                DMA2_Stream7_IRQHandler
                0x000000000800110c                I2C3_EV_IRQHandler
                0x000000000800110c                EXTI9_5_IRQHandler
                0x000000000800110c                RTC_WKUP_IRQHandler
                0x000000000800110c                SPI2_IRQHandler
                0x000000000800110c                OTG_HS_EP1_IN_IRQHandler
                0x000000000800110c                DMA1_Stream0_IRQHandler
                0x000000000800110c                CAN1_TX_IRQHandler
                0x000000000800110c                EXTI4_IRQHandler
                0x000000000800110c                RNG_IRQHandler
                0x000000000800110c                OTG_HS_EP1_OUT_IRQHandler
                0x000000000800110c                WWDG_IRQHandler
                0x000000000800110c                TIM2_IRQHandler
                0x000000000800110c                OTG_FS_WKUP_IRQHandler
                0x000000000800110c                TIM1_TRG_COM_TIM11_IRQHandler
                0x000000000800110c                EXTI1_IRQHandler
                0x000000000800110c                SDMMC2_IRQHandler
                0x000000000800110c                UART7_IRQHandler
                0x000000000800110c                USART2_IRQHandler
                0x000000000800110c                I2C2_ER_IRQHandler
                0x000000000800110c                DMA2_Stream1_IRQHandler
                0x000000000800110c                CAN1_SCE_IRQHandler
                0x000000000800110c                FLASH_IRQHandler
                0x000000000800110c                DMA2_Stream4_IRQHandler
                0x000000000800110c                USART1_IRQHandler
                0x000000000800110c                OTG_FS_IRQHandler
                0x000000000800110c                SPI3_IRQHandler
                0x000000000800110c                DMA1_Stream4_IRQHandler
                0x000000000800110c                I2C1_ER_IRQHandler
                0x000000000800110c                FMC_IRQHandler
                0x000000000800110c                LPTIM1_IRQHandler
                0x000000000800110c                DMA2_Stream6_IRQHandler
                0x000000000800110c                SAI1_IRQHandler
                0x000000000800110c                DMA1_Stream3_IRQHandler
 *fill*         0x000000000800110e        0x2 
 .text.HAL_Init
                0x0000000008001110       0x38 ./Drivers/STM32F7xx_HAL_Driver/Src/stm32f7xx_hal.o
                0x0000000008001110                HAL_Init
 .text.HAL_InitTick
                0x0000000008001148       0x60 ./Drivers/STM32F7xx_HAL_Driver/Src/stm32f7xx_hal.o
                0x0000000008001148                HAL_InitTick
 .text.HAL_IncTick
                0x00000000080011a8       0x28 ./Drivers/STM32F7xx_HAL_Driver/Src/stm32f7xx_hal.o
                0x00000000080011a8                HAL_IncTick
 .text.HAL_GetTick
                0x00000000080011d0       0x18 ./Drivers/STM32F7xx_HAL_Driver/Src/stm32f7xx_hal.o
                0x00000000080011d0                HAL_GetTick
 .text.HAL_Delay
                0x00000000080011e8       0x48 ./Drivers/STM32F7xx_HAL_Driver/Src/stm32f7xx_hal.o
                0x00000000080011e8                HAL_Delay
 .text.__NVIC_SetPriorityGrouping
                0x0000000008001230       0x48 ./Drivers/STM32F7xx_HAL_Driver/Src/stm32f7xx_hal_cortex.o
 .text.__NVIC_GetPriorityGrouping
                0x0000000008001278       0x1c ./Drivers/STM32F7xx_HAL_Driver/Src/stm32f7xx_hal_cortex.o
 .text.__NVIC_EnableIRQ
                0x0000000008001294       0x3c ./Drivers/STM32F7xx_HAL_Driver/Src/stm32f7xx_hal_cortex.o
 .text.__NVIC_SetPriority
                0x00000000080012d0       0x54 ./Drivers/STM32F7xx_HAL_Driver/Src/stm32f7xx_hal_cortex.o
 .text.NVIC_EncodePriority
                0x0000000008001324       0x66 ./Drivers/STM32F7xx_HAL_Driver/Src/stm32f7xx_hal_cortex.o
 *fill*         0x000000000800138a        0x2 
 .text.SysTick_Config
                0x000000000800138c       0x44 ./Drivers/STM32F7xx_HAL_Driver/Src/stm32f7xx_hal_cortex.o
 .text.HAL_NVIC_SetPriorityGrouping
                0x00000000080013d0       0x16 ./Drivers/STM32F7xx_HAL_Driver/Src/stm32f7xx_hal_cortex.o
                0x00000000080013d0                HAL_NVIC_SetPriorityGrouping
 .text.HAL_NVIC_SetPriority
                0x00000000080013e6       0x38 ./Drivers/STM32F7xx_HAL_Driver/Src/stm32f7xx_hal_cortex.o
                0x00000000080013e6                HAL_NVIC_SetPriority
 .text.HAL_NVIC_EnableIRQ
                0x000000000800141e       0x1c ./Drivers/STM32F7xx_HAL_Driver/Src/stm32f7xx_hal_cortex.o
                0x000000000800141e                HAL_NVIC_EnableIRQ
 .text.HAL_SYSTICK_Config
                0x000000000800143a       0x18 ./Drivers/STM32F7xx_HAL_Driver/Src/stm32f7xx_hal_cortex.o
                0x000000000800143a                HAL_SYSTICK_Config
 *fill*         0x0000000008001452        0x2 
 .text.HAL_GPIO_Init
                0x0000000008001454      0x338 ./Drivers/STM32F7xx_HAL_Driver/Src/stm32f7xx_hal_gpio.o
                0x0000000008001454                HAL_GPIO_Init
 .text.HAL_GPIO_WritePin
                0x000000000800178c       0x32 ./Drivers/STM32F7xx_HAL_Driver/Src/stm32f7xx_hal_gpio.o
                0x000000000800178c                HAL_GPIO_WritePin
 .text.HAL_PCD_Init
                0x00000000080017be      0x248 ./Drivers/STM32F7xx_HAL_Driver/Src/stm32f7xx_hal_pcd.o
                0x00000000080017be                HAL_PCD_Init
 .text.HAL_PCD_Start
                0x0000000008001a06       0x44 ./Drivers/STM32F7xx_HAL_Driver/Src/stm32f7xx_hal_pcd.o
                0x0000000008001a06                HAL_PCD_Start
 .text.HAL_PCD_IRQHandler
                0x0000000008001a4a      0x79e ./Drivers/STM32F7xx_HAL_Driver/Src/stm32f7xx_hal_pcd.o
                0x0000000008001a4a                HAL_PCD_IRQHandler
 .text.HAL_PCD_SetAddress
                0x00000000080021e8       0x4a ./Drivers/STM32F7xx_HAL_Driver/Src/stm32f7xx_hal_pcd.o
                0x00000000080021e8                HAL_PCD_SetAddress
 .text.HAL_PCD_EP_Open
                0x0000000008002232       0xd0 ./Drivers/STM32F7xx_HAL_Driver/Src/stm32f7xx_hal_pcd.o
                0x0000000008002232                HAL_PCD_EP_Open
 .text.HAL_PCD_EP_Close
                0x0000000008002302       0x94 ./Drivers/STM32F7xx_HAL_Driver/Src/stm32f7xx_hal_pcd.o
                0x0000000008002302                HAL_PCD_EP_Close
 .text.HAL_PCD_EP_Receive
                0x0000000008002396       0x96 ./Drivers/STM32F7xx_HAL_Driver/Src/stm32f7xx_hal_pcd.o
                0x0000000008002396                HAL_PCD_EP_Receive
 .text.HAL_PCD_EP_GetRxCount
                0x000000000800242c       0x30 ./Drivers/STM32F7xx_HAL_Driver/Src/stm32f7xx_hal_pcd.o
                0x000000000800242c                HAL_PCD_EP_GetRxCount
 .text.HAL_PCD_EP_Transmit
                0x000000000800245c       0x94 ./Drivers/STM32F7xx_HAL_Driver/Src/stm32f7xx_hal_pcd.o
                0x000000000800245c                HAL_PCD_EP_Transmit
 .text.HAL_PCD_EP_SetStall
                0x00000000080024f0       0xc8 ./Drivers/STM32F7xx_HAL_Driver/Src/stm32f7xx_hal_pcd.o
                0x00000000080024f0                HAL_PCD_EP_SetStall
 .text.HAL_PCD_EP_ClrStall
                0x00000000080025b8       0xac ./Drivers/STM32F7xx_HAL_Driver/Src/stm32f7xx_hal_pcd.o
                0x00000000080025b8                HAL_PCD_EP_ClrStall
 .text.PCD_WriteEmptyTxFifo
                0x0000000008002664      0x11a ./Drivers/STM32F7xx_HAL_Driver/Src/stm32f7xx_hal_pcd.o
 *fill*         0x000000000800277e        0x2 
 .text.PCD_EP_OutXfrComplete_int
                0x0000000008002780      0x218 ./Drivers/STM32F7xx_HAL_Driver/Src/stm32f7xx_hal_pcd.o
 .text.PCD_EP_OutSetupPacket_int
                0x0000000008002998       0x8c ./Drivers/STM32F7xx_HAL_Driver/Src/stm32f7xx_hal_pcd.o
 .text.HAL_PCDEx_SetTxFiFo
                0x0000000008002a24       0x8e ./Drivers/STM32F7xx_HAL_Driver/Src/stm32f7xx_hal_pcd_ex.o
                0x0000000008002a24                HAL_PCDEx_SetTxFiFo
 .text.HAL_PCDEx_SetRxFiFo
                0x0000000008002ab2       0x22 ./Drivers/STM32F7xx_HAL_Driver/Src/stm32f7xx_hal_pcd_ex.o
                0x0000000008002ab2                HAL_PCDEx_SetRxFiFo
 .text.HAL_PCDEx_ActivateLPM
                0x0000000008002ad4       0x48 ./Drivers/STM32F7xx_HAL_Driver/Src/stm32f7xx_hal_pcd_ex.o
                0x0000000008002ad4                HAL_PCDEx_ActivateLPM
 .text.HAL_PWR_EnableBkUpAccess
                0x0000000008002b1c       0x20 ./Drivers/STM32F7xx_HAL_Driver/Src/stm32f7xx_hal_pwr.o
                0x0000000008002b1c                HAL_PWR_EnableBkUpAccess
 .text.HAL_PWREx_EnableOverDrive
                0x0000000008002b3c       0xa0 ./Drivers/STM32F7xx_HAL_Driver/Src/stm32f7xx_hal_pwr_ex.o
                0x0000000008002b3c                HAL_PWREx_EnableOverDrive
 .text.HAL_RCC_OscConfig
                0x0000000008002bdc      0x548 ./Drivers/STM32F7xx_HAL_Driver/Src/stm32f7xx_hal_rcc.o
                0x0000000008002bdc                HAL_RCC_OscConfig
 .text.HAL_RCC_ClockConfig
                0x0000000008003124      0x1d8 ./Drivers/STM32F7xx_HAL_Driver/Src/stm32f7xx_hal_rcc.o
                0x0000000008003124                HAL_RCC_ClockConfig
 .text.HAL_RCC_GetSysClockFreq
                0x00000000080032fc      0x18c ./Drivers/STM32F7xx_HAL_Driver/Src/stm32f7xx_hal_rcc.o
                0x00000000080032fc                HAL_RCC_GetSysClockFreq
 .text.HAL_RCC_GetHCLKFreq
                0x0000000008003488       0x18 ./Drivers/STM32F7xx_HAL_Driver/Src/stm32f7xx_hal_rcc.o
                0x0000000008003488                HAL_RCC_GetHCLKFreq
 .text.HAL_RCCEx_PeriphCLKConfig
                0x00000000080034a0      0x694 ./Drivers/STM32F7xx_HAL_Driver/Src/stm32f7xx_hal_rcc_ex.o
                0x00000000080034a0                HAL_RCCEx_PeriphCLKConfig
 .text.USB_CoreInit
                0x0000000008003b34      0x12c ./Drivers/STM32F7xx_HAL_Driver/Src/stm32f7xx_ll_usb.o
                0x0000000008003b34                USB_CoreInit
 .text.USB_SetTurnaroundTime
                0x0000000008003c60      0x144 ./Drivers/STM32F7xx_HAL_Driver/Src/stm32f7xx_ll_usb.o
                0x0000000008003c60                USB_SetTurnaroundTime
 .text.USB_EnableGlobalInt
                0x0000000008003da4       0x22 ./Drivers/STM32F7xx_HAL_Driver/Src/stm32f7xx_ll_usb.o
                0x0000000008003da4                USB_EnableGlobalInt
 .text.USB_DisableGlobalInt
                0x0000000008003dc6       0x22 ./Drivers/STM32F7xx_HAL_Driver/Src/stm32f7xx_ll_usb.o
                0x0000000008003dc6                USB_DisableGlobalInt
 .text.USB_SetCurrentMode
                0x0000000008003de8       0x98 ./Drivers/STM32F7xx_HAL_Driver/Src/stm32f7xx_ll_usb.o
                0x0000000008003de8                USB_SetCurrentMode
 .text.USB_DevInit
                0x0000000008003e80      0x2dc ./Drivers/STM32F7xx_HAL_Driver/Src/stm32f7xx_ll_usb.o
                0x0000000008003e80                USB_DevInit
 .text.USB_FlushTxFifo
                0x000000000800415c       0x64 ./Drivers/STM32F7xx_HAL_Driver/Src/stm32f7xx_ll_usb.o
                0x000000000800415c                USB_FlushTxFifo
 .text.USB_FlushRxFifo
                0x00000000080041c0       0x5c ./Drivers/STM32F7xx_HAL_Driver/Src/stm32f7xx_ll_usb.o
                0x00000000080041c0                USB_FlushRxFifo
 .text.USB_SetDevSpeed
                0x000000000800421c       0x32 ./Drivers/STM32F7xx_HAL_Driver/Src/stm32f7xx_ll_usb.o
                0x000000000800421c                USB_SetDevSpeed
 .text.USB_GetDevSpeed
                0x000000000800424e       0x4a ./Drivers/STM32F7xx_HAL_Driver/Src/stm32f7xx_ll_usb.o
                0x000000000800424e                USB_GetDevSpeed
 .text.USB_ActivateEndpoint
                0x0000000008004298      0x110 ./Drivers/STM32F7xx_HAL_Driver/Src/stm32f7xx_ll_usb.o
                0x0000000008004298                USB_ActivateEndpoint
 .text.USB_DeactivateEndpoint
                0x00000000080043a8      0x1b8 ./Drivers/STM32F7xx_HAL_Driver/Src/stm32f7xx_ll_usb.o
                0x00000000080043a8                USB_DeactivateEndpoint
 .text.USB_EPStartXfer
                0x0000000008004560      0x498 ./Drivers/STM32F7xx_HAL_Driver/Src/stm32f7xx_ll_usb.o
                0x0000000008004560                USB_EPStartXfer
 .text.USB_EP0StartXfer
                0x00000000080049f8      0x2b0 ./Drivers/STM32F7xx_HAL_Driver/Src/stm32f7xx_ll_usb.o
                0x00000000080049f8                USB_EP0StartXfer
 .text.USB_WritePacket
                0x0000000008004ca8       0x7c ./Drivers/STM32F7xx_HAL_Driver/Src/stm32f7xx_ll_usb.o
                0x0000000008004ca8                USB_WritePacket
 .text.USB_ReadPacket
                0x0000000008004d24       0xb0 ./Drivers/STM32F7xx_HAL_Driver/Src/stm32f7xx_ll_usb.o
                0x0000000008004d24                USB_ReadPacket
 .text.USB_EPSetStall
                0x0000000008004dd4       0xdc ./Drivers/STM32F7xx_HAL_Driver/Src/stm32f7xx_ll_usb.o
                0x0000000008004dd4                USB_EPSetStall
 .text.USB_EPClearStall
                0x0000000008004eb0       0xcc ./Drivers/STM32F7xx_HAL_Driver/Src/stm32f7xx_ll_usb.o
                0x0000000008004eb0                USB_EPClearStall
 .text.USB_SetDevAddress
                0x0000000008004f7c       0x4c ./Drivers/STM32F7xx_HAL_Driver/Src/stm32f7xx_ll_usb.o
                0x0000000008004f7c                USB_SetDevAddress
 .text.USB_DevConnect
                0x0000000008004fc8       0x42 ./Drivers/STM32F7xx_HAL_Driver/Src/stm32f7xx_ll_usb.o
                0x0000000008004fc8                USB_DevConnect
 .text.USB_DevDisconnect
                0x000000000800500a       0x42 ./Drivers/STM32F7xx_HAL_Driver/Src/stm32f7xx_ll_usb.o
                0x000000000800500a                USB_DevDisconnect
 .text.USB_ReadInterrupts
                0x000000000800504c       0x26 ./Drivers/STM32F7xx_HAL_Driver/Src/stm32f7xx_ll_usb.o
                0x000000000800504c                USB_ReadInterrupts
 .text.USB_ReadDevAllOutEpInterrupt
                0x0000000008005072       0x34 ./Drivers/STM32F7xx_HAL_Driver/Src/stm32f7xx_ll_usb.o
                0x0000000008005072                USB_ReadDevAllOutEpInterrupt
 .text.USB_ReadDevAllInEpInterrupt
                0x00000000080050a6       0x34 ./Drivers/STM32F7xx_HAL_Driver/Src/stm32f7xx_ll_usb.o
                0x00000000080050a6                USB_ReadDevAllInEpInterrupt
 .text.USB_ReadDevOutEPInterrupt
                0x00000000080050da       0x3c ./Drivers/STM32F7xx_HAL_Driver/Src/stm32f7xx_ll_usb.o
                0x00000000080050da                USB_ReadDevOutEPInterrupt
 .text.USB_ReadDevInEPInterrupt
                0x0000000008005116       0x5c ./Drivers/STM32F7xx_HAL_Driver/Src/stm32f7xx_ll_usb.o
                0x0000000008005116                USB_ReadDevInEPInterrupt
 .text.USB_GetMode
                0x0000000008005172       0x1c ./Drivers/STM32F7xx_HAL_Driver/Src/stm32f7xx_ll_usb.o
                0x0000000008005172                USB_GetMode
 *fill*         0x000000000800518e        0x2 
 .text.USB_ActivateSetup
                0x0000000008005190       0x48 ./Drivers/STM32F7xx_HAL_Driver/Src/stm32f7xx_ll_usb.o
                0x0000000008005190                USB_ActivateSetup
 .text.USB_EP0_OutStart
                0x00000000080051d8       0xbc ./Drivers/STM32F7xx_HAL_Driver/Src/stm32f7xx_ll_usb.o
                0x00000000080051d8                USB_EP0_OutStart
 .text.USB_CoreReset
                0x0000000008005294       0x64 ./Drivers/STM32F7xx_HAL_Driver/Src/stm32f7xx_ll_usb.o
 .text.USB_HS_PHYCInit
                0x00000000080052f8       0x70 ./Drivers/STM32F7xx_HAL_Driver/Src/stm32f7xx_ll_usb.o
 .text.USBD_CDC_Init
                0x0000000008005368      0x100 ./Middlewares/ST/STM32_USB_Device_Library/Class/CDC/Src/usbd_cdc.o
 .text.USBD_CDC_DeInit
                0x0000000008005468       0x78 ./Middlewares/ST/STM32_USB_Device_Library/Class/CDC/Src/usbd_cdc.o
 .text.USBD_CDC_Setup
                0x00000000080054e0      0x178 ./Middlewares/ST/STM32_USB_Device_Library/Class/CDC/Src/usbd_cdc.o
 .text.USBD_CDC_DataIn
                0x0000000008005658       0xbe ./Middlewares/ST/STM32_USB_Device_Library/Class/CDC/Src/usbd_cdc.o
 .text.USBD_CDC_DataOut
                0x0000000008005716       0x56 ./Middlewares/ST/STM32_USB_Device_Library/Class/CDC/Src/usbd_cdc.o
 .text.USBD_CDC_EP0_RxReady
                0x000000000800576c       0x50 ./Middlewares/ST/STM32_USB_Device_Library/Class/CDC/Src/usbd_cdc.o
 .text.USBD_CDC_GetFSCfgDesc
                0x00000000080057bc       0x20 ./Middlewares/ST/STM32_USB_Device_Library/Class/CDC/Src/usbd_cdc.o
 .text.USBD_CDC_GetHSCfgDesc
                0x00000000080057dc       0x20 ./Middlewares/ST/STM32_USB_Device_Library/Class/CDC/Src/usbd_cdc.o
 .text.USBD_CDC_GetOtherSpeedCfgDesc
                0x00000000080057fc       0x20 ./Middlewares/ST/STM32_USB_Device_Library/Class/CDC/Src/usbd_cdc.o
 .text.USBD_CDC_GetDeviceQualifierDescriptor
                0x000000000800581c       0x20 ./Middlewares/ST/STM32_USB_Device_Library/Class/CDC/Src/usbd_cdc.o
                0x000000000800581c                USBD_CDC_GetDeviceQualifierDescriptor
 .text.USBD_CDC_RegisterInterface
                0x000000000800583c       0x2a ./Middlewares/ST/STM32_USB_Device_Library/Class/CDC/Src/usbd_cdc.o
                0x000000000800583c                USBD_CDC_RegisterInterface
 .text.USBD_CDC_SetTxBuffer
                0x0000000008005866       0x32 ./Middlewares/ST/STM32_USB_Device_Library/Class/CDC/Src/usbd_cdc.o
                0x0000000008005866                USBD_CDC_SetTxBuffer
 .text.USBD_CDC_SetRxBuffer
                0x0000000008005898       0x28 ./Middlewares/ST/STM32_USB_Device_Library/Class/CDC/Src/usbd_cdc.o
                0x0000000008005898                USBD_CDC_SetRxBuffer
 .text.USBD_CDC_TransmitPacket
                0x00000000080058c0       0x60 ./Middlewares/ST/STM32_USB_Device_Library/Class/CDC/Src/usbd_cdc.o
                0x00000000080058c0                USBD_CDC_TransmitPacket
 .text.USBD_CDC_ReceivePacket
                0x0000000008005920       0x54 ./Middlewares/ST/STM32_USB_Device_Library/Class/CDC/Src/usbd_cdc.o
                0x0000000008005920                USBD_CDC_ReceivePacket
 .text.USBD_Init
                0x0000000008005974       0x6c ./Middlewares/ST/STM32_USB_Device_Library/Core/Src/usbd_core.o
                0x0000000008005974                USBD_Init
 .text.USBD_RegisterClass
                0x00000000080059e0       0x42 ./Middlewares/ST/STM32_USB_Device_Library/Core/Src/usbd_core.o
                0x00000000080059e0                USBD_RegisterClass
 .text.USBD_Start
                0x0000000008005a22       0x18 ./Middlewares/ST/STM32_USB_Device_Library/Core/Src/usbd_core.o
                0x0000000008005a22                USBD_Start
 .text.USBD_RunTestMode
                0x0000000008005a3a       0x16 ./Middlewares/ST/STM32_USB_Device_Library/Core/Src/usbd_core.o
                0x0000000008005a3a                USBD_RunTestMode
 .text.USBD_SetClassConfig
                0x0000000008005a50       0x38 ./Middlewares/ST/STM32_USB_Device_Library/Core/Src/usbd_core.o
                0x0000000008005a50                USBD_SetClassConfig
 .text.USBD_ClrClassConfig
                0x0000000008005a88       0x30 ./Middlewares/ST/STM32_USB_Device_Library/Core/Src/usbd_core.o
                0x0000000008005a88                USBD_ClrClassConfig
 .text.USBD_LL_SetupStage
                0x0000000008005ab8       0xaa ./Middlewares/ST/STM32_USB_Device_Library/Core/Src/usbd_core.o
                0x0000000008005ab8                USBD_LL_SetupStage
 .text.USBD_LL_DataOutStage
                0x0000000008005b62       0xc6 ./Middlewares/ST/STM32_USB_Device_Library/Core/Src/usbd_core.o
                0x0000000008005b62                USBD_LL_DataOutStage
 .text.USBD_LL_DataInStage
                0x0000000008005c28      0x12c ./Middlewares/ST/STM32_USB_Device_Library/Core/Src/usbd_core.o
                0x0000000008005c28                USBD_LL_DataInStage
 .text.USBD_LL_Reset
                0x0000000008005d54       0x82 ./Middlewares/ST/STM32_USB_Device_Library/Core/Src/usbd_core.o
                0x0000000008005d54                USBD_LL_Reset
 .text.USBD_LL_SetSpeed
                0x0000000008005dd6       0x20 ./Middlewares/ST/STM32_USB_Device_Library/Core/Src/usbd_core.o
                0x0000000008005dd6                USBD_LL_SetSpeed
 .text.USBD_LL_Suspend
                0x0000000008005df6       0x2a ./Middlewares/ST/STM32_USB_Device_Library/Core/Src/usbd_core.o
                0x0000000008005df6                USBD_LL_Suspend
 .text.USBD_LL_Resume
                0x0000000008005e20       0x2c ./Middlewares/ST/STM32_USB_Device_Library/Core/Src/usbd_core.o
                0x0000000008005e20                USBD_LL_Resume
 .text.USBD_LL_SOF
                0x0000000008005e4c       0x34 ./Middlewares/ST/STM32_USB_Device_Library/Core/Src/usbd_core.o
                0x0000000008005e4c                USBD_LL_SOF
 .text.USBD_LL_IsoINIncomplete
                0x0000000008005e80       0x1a ./Middlewares/ST/STM32_USB_Device_Library/Core/Src/usbd_core.o
                0x0000000008005e80                USBD_LL_IsoINIncomplete
 .text.USBD_LL_IsoOUTIncomplete
                0x0000000008005e9a       0x1a ./Middlewares/ST/STM32_USB_Device_Library/Core/Src/usbd_core.o
                0x0000000008005e9a                USBD_LL_IsoOUTIncomplete
 .text.USBD_LL_DevConnected
                0x0000000008005eb4       0x16 ./Middlewares/ST/STM32_USB_Device_Library/Core/Src/usbd_core.o
                0x0000000008005eb4                USBD_LL_DevConnected
 .text.USBD_LL_DevDisconnected
                0x0000000008005eca       0x38 ./Middlewares/ST/STM32_USB_Device_Library/Core/Src/usbd_core.o
                0x0000000008005eca                USBD_LL_DevDisconnected
 .text.SWAPBYTE
                0x0000000008005f02       0x3c ./Middlewares/ST/STM32_USB_Device_Library/Core/Src/usbd_ctlreq.o
 *fill*         0x0000000008005f3e        0x2 
 .text.USBD_StdDevReq
                0x0000000008005f40       0xdc ./Middlewares/ST/STM32_USB_Device_Library/Core/Src/usbd_ctlreq.o
                0x0000000008005f40                USBD_StdDevReq
 .text.USBD_StdItfReq
                0x000000000800601c       0x90 ./Middlewares/ST/STM32_USB_Device_Library/Core/Src/usbd_ctlreq.o
                0x000000000800601c                USBD_StdItfReq
 .text.USBD_StdEPReq
                0x00000000080060ac      0x2ba ./Middlewares/ST/STM32_USB_Device_Library/Core/Src/usbd_ctlreq.o
                0x00000000080060ac                USBD_StdEPReq
 *fill*         0x0000000008006366        0x2 
 .text.USBD_GetDescriptor
                0x0000000008006368      0x328 ./Middlewares/ST/STM32_USB_Device_Library/Core/Src/usbd_ctlreq.o
 .text.USBD_SetAddress
                0x0000000008006690       0x86 ./Middlewares/ST/STM32_USB_Device_Library/Core/Src/usbd_ctlreq.o
 *fill*         0x0000000008006716        0x2 
 .text.USBD_SetConfig
                0x0000000008006718      0x148 ./Middlewares/ST/STM32_USB_Device_Library/Core/Src/usbd_ctlreq.o
 .text.USBD_GetConfig
                0x0000000008006860       0x6a ./Middlewares/ST/STM32_USB_Device_Library/Core/Src/usbd_ctlreq.o
 .text.USBD_GetStatus
                0x00000000080068ca       0x66 ./Middlewares/ST/STM32_USB_Device_Library/Core/Src/usbd_ctlreq.o
 .text.USBD_SetFeature
                0x0000000008006930       0x28 ./Middlewares/ST/STM32_USB_Device_Library/Core/Src/usbd_ctlreq.o
 .text.USBD_ClrFeature
                0x0000000008006958       0x42 ./Middlewares/ST/STM32_USB_Device_Library/Core/Src/usbd_ctlreq.o
 .text.USBD_ParseSetupRequest
                0x000000000800699a       0x74 ./Middlewares/ST/STM32_USB_Device_Library/Core/Src/usbd_ctlreq.o
                0x000000000800699a                USBD_ParseSetupRequest
 .text.USBD_CtlError
                0x0000000008006a0e       0x22 ./Middlewares/ST/STM32_USB_Device_Library/Core/Src/usbd_ctlreq.o
                0x0000000008006a0e                USBD_CtlError
 .text.USBD_GetString
                0x0000000008006a30       0x8c ./Middlewares/ST/STM32_USB_Device_Library/Core/Src/usbd_ctlreq.o
                0x0000000008006a30                USBD_GetString
 .text.USBD_GetLen
                0x0000000008006abc       0x34 ./Middlewares/ST/STM32_USB_Device_Library/Core/Src/usbd_ctlreq.o
 .text.USBD_CtlSendData
                0x0000000008006af0       0x36 ./Middlewares/ST/STM32_USB_Device_Library/Core/Src/usbd_ioreq.o
                0x0000000008006af0                USBD_CtlSendData
 .text.USBD_CtlContinueSendData
                0x0000000008006b26       0x22 ./Middlewares/ST/STM32_USB_Device_Library/Core/Src/usbd_ioreq.o
                0x0000000008006b26                USBD_CtlContinueSendData
 .text.USBD_CtlPrepareRx
                0x0000000008006b48       0x3a ./Middlewares/ST/STM32_USB_Device_Library/Core/Src/usbd_ioreq.o
                0x0000000008006b48                USBD_CtlPrepareRx
 .text.USBD_CtlContinueRx
                0x0000000008006b82       0x22 ./Middlewares/ST/STM32_USB_Device_Library/Core/Src/usbd_ioreq.o
                0x0000000008006b82                USBD_CtlContinueRx
 .text.USBD_CtlSendStatus
                0x0000000008006ba4       0x26 ./Middlewares/ST/STM32_USB_Device_Library/Core/Src/usbd_ioreq.o
                0x0000000008006ba4                USBD_CtlSendStatus
 .text.USBD_CtlReceiveStatus
                0x0000000008006bca       0x26 ./Middlewares/ST/STM32_USB_Device_Library/Core/Src/usbd_ioreq.o
                0x0000000008006bca                USBD_CtlReceiveStatus
 .text.MX_USB_DEVICE_Init
                0x0000000008006bf0       0x60 ./USB_DEVICE/App/usb_device.o
                0x0000000008006bf0                MX_USB_DEVICE_Init
 .text.CDC_Init_HS
                0x0000000008006c50       0x28 ./USB_DEVICE/App/usbd_cdc_if.o
 .text.CDC_DeInit_HS
                0x0000000008006c78       0x10 ./USB_DEVICE/App/usbd_cdc_if.o
 .text.CDC_Control_HS
                0x0000000008006c88       0xbc ./USB_DEVICE/App/usbd_cdc_if.o
 .text.CDC_Receive_HS
                0x0000000008006d44       0x28 ./USB_DEVICE/App/usbd_cdc_if.o
 .text.CDC_Transmit_HS
                0x0000000008006d6c       0x4c ./USB_DEVICE/App/usbd_cdc_if.o
                0x0000000008006d6c                CDC_Transmit_HS
 .text.CDC_TransmitCplt_HS
                0x0000000008006db8       0x22 ./USB_DEVICE/App/usbd_cdc_if.o
 *fill*         0x0000000008006dda        0x2 
 .text.USBD_HS_DeviceDescriptor
                0x0000000008006ddc       0x24 ./USB_DEVICE/App/usbd_desc.o
                0x0000000008006ddc                USBD_HS_DeviceDescriptor
 .text.USBD_HS_LangIDStrDescriptor
                0x0000000008006e00       0x24 ./USB_DEVICE/App/usbd_desc.o
                0x0000000008006e00                USBD_HS_LangIDStrDescriptor
 .text.USBD_HS_ProductStrDescriptor
                0x0000000008006e24       0x3c ./USB_DEVICE/App/usbd_desc.o
                0x0000000008006e24                USBD_HS_ProductStrDescriptor
 .text.USBD_HS_ManufacturerStrDescriptor
                0x0000000008006e60       0x28 ./USB_DEVICE/App/usbd_desc.o
                0x0000000008006e60                USBD_HS_ManufacturerStrDescriptor
 .text.USBD_HS_SerialStrDescriptor
                0x0000000008006e88       0x24 ./USB_DEVICE/App/usbd_desc.o
                0x0000000008006e88                USBD_HS_SerialStrDescriptor
 .text.USBD_HS_ConfigStrDescriptor
                0x0000000008006eac       0x3c ./USB_DEVICE/App/usbd_desc.o
                0x0000000008006eac                USBD_HS_ConfigStrDescriptor
 .text.USBD_HS_InterfaceStrDescriptor
                0x0000000008006ee8       0x3c ./USB_DEVICE/App/usbd_desc.o
                0x0000000008006ee8                USBD_HS_InterfaceStrDescriptor
 .text.USBD_HS_USR_BOSDescriptor
                0x0000000008006f24       0x24 ./USB_DEVICE/App/usbd_desc.o
                0x0000000008006f24                USBD_HS_USR_BOSDescriptor
 .text.Get_SerialNum
                0x0000000008006f48       0x58 ./USB_DEVICE/App/usbd_desc.o
 .text.IntToUnicode
                0x0000000008006fa0       0x7e ./USB_DEVICE/App/usbd_desc.o
 *fill*         0x000000000800701e        0x2 
 .text.HAL_PCD_MspInit
                0x0000000008007020       0xd0 ./USB_DEVICE/Target/usbd_conf.o
                0x0000000008007020                HAL_PCD_MspInit
 .text.HAL_PCD_SetupStageCallback
                0x00000000080070f0       0x24 ./USB_DEVICE/Target/usbd_conf.o
                0x00000000080070f0                HAL_PCD_SetupStageCallback
 .text.HAL_PCD_DataOutStageCallback
                0x0000000008007114       0x36 ./USB_DEVICE/Target/usbd_conf.o
                0x0000000008007114                HAL_PCD_DataOutStageCallback
 .text.HAL_PCD_DataInStageCallback
                0x000000000800714a       0x34 ./USB_DEVICE/Target/usbd_conf.o
                0x000000000800714a                HAL_PCD_DataInStageCallback
 .text.HAL_PCD_SOFCallback
                0x000000000800717e       0x1c ./USB_DEVICE/Target/usbd_conf.o
                0x000000000800717e                HAL_PCD_SOFCallback
 .text.HAL_PCD_ResetCallback
                0x000000000800719a       0x50 ./USB_DEVICE/Target/usbd_conf.o
                0x000000000800719a                HAL_PCD_ResetCallback
 *fill*         0x00000000080071ea        0x2 
 .text.HAL_PCD_SuspendCallback
                0x00000000080071ec       0x4c ./USB_DEVICE/Target/usbd_conf.o
                0x00000000080071ec                HAL_PCD_SuspendCallback
 .text.HAL_PCD_ResumeCallback
                0x0000000008007238       0x1c ./USB_DEVICE/Target/usbd_conf.o
                0x0000000008007238                HAL_PCD_ResumeCallback
 .text.HAL_PCD_ISOOUTIncompleteCallback
                0x0000000008007254       0x24 ./USB_DEVICE/Target/usbd_conf.o
                0x0000000008007254                HAL_PCD_ISOOUTIncompleteCallback
 .text.HAL_PCD_ISOINIncompleteCallback
                0x0000000008007278       0x24 ./USB_DEVICE/Target/usbd_conf.o
                0x0000000008007278                HAL_PCD_ISOINIncompleteCallback
 .text.HAL_PCD_ConnectCallback
                0x000000000800729c       0x1c ./USB_DEVICE/Target/usbd_conf.o
                0x000000000800729c                HAL_PCD_ConnectCallback
 .text.HAL_PCD_DisconnectCallback
                0x00000000080072b8       0x1c ./USB_DEVICE/Target/usbd_conf.o
                0x00000000080072b8                HAL_PCD_DisconnectCallback
 .text.USBD_LL_Init
                0x00000000080072d4       0x9c ./USB_DEVICE/Target/usbd_conf.o
                0x00000000080072d4                USBD_LL_Init
 .text.USBD_LL_Start
                0x0000000008007370       0x36 ./USB_DEVICE/Target/usbd_conf.o
                0x0000000008007370                USBD_LL_Start
 .text.USBD_LL_OpenEP
                0x00000000080073a6       0x4c ./USB_DEVICE/Target/usbd_conf.o
                0x00000000080073a6                USBD_LL_OpenEP
 .text.USBD_LL_CloseEP
                0x00000000080073f2       0x3e ./USB_DEVICE/Target/usbd_conf.o
                0x00000000080073f2                USBD_LL_CloseEP
 .text.USBD_LL_StallEP
                0x0000000008007430       0x3e ./USB_DEVICE/Target/usbd_conf.o
                0x0000000008007430                USBD_LL_StallEP
 .text.USBD_LL_ClearStallEP
                0x000000000800746e       0x3e ./USB_DEVICE/Target/usbd_conf.o
                0x000000000800746e                USBD_LL_ClearStallEP
 .text.USBD_LL_IsStallEP
                0x00000000080074ac       0x58 ./USB_DEVICE/Target/usbd_conf.o
                0x00000000080074ac                USBD_LL_IsStallEP
 .text.USBD_LL_SetUSBAddress
                0x0000000008007504       0x3e ./USB_DEVICE/Target/usbd_conf.o
                0x0000000008007504                USBD_LL_SetUSBAddress
 .text.USBD_LL_Transmit
                0x0000000008007542       0x42 ./USB_DEVICE/Target/usbd_conf.o
                0x0000000008007542                USBD_LL_Transmit
 .text.USBD_LL_PrepareReceive
                0x0000000008007584       0x42 ./USB_DEVICE/Target/usbd_conf.o
                0x0000000008007584                USBD_LL_PrepareReceive
 .text.USBD_LL_GetRxDataSize
                0x00000000080075c6       0x26 ./USB_DEVICE/Target/usbd_conf.o
                0x00000000080075c6                USBD_LL_GetRxDataSize
 .text.HAL_PCDEx_LPM_Callback
                0x00000000080075ec       0x9c ./USB_DEVICE/Target/usbd_conf.o
                0x00000000080075ec                HAL_PCDEx_LPM_Callback
 .text.SystemClockConfig_Resume
                0x0000000008007688        0xc ./USB_DEVICE/Target/usbd_conf.o
 .text.USBD_Get_USB_Status
                0x0000000008007694       0x58 ./USB_DEVICE/Target/usbd_conf.o
                0x0000000008007694                USBD_Get_USB_Status
 .text.__errno  0x00000000080076ec        0xc /opt/stm32cubeide/plugins/com.st.stm32cube.ide.mcu.externaltools.gnu-tools-for-stm32.10.3-2021.10.linux64_1.0.0.202111181127/tools/bin/../lib/gcc/arm-none-eabi/10.3.1/../../../../arm-none-eabi/lib/thumb/v7e-m+fp/hard/libc_nano.a(lib_a-errno.o)
                0x00000000080076ec                __errno
 .text.__libc_init_array
                0x00000000080076f8       0x48 /opt/stm32cubeide/plugins/com.st.stm32cube.ide.mcu.externaltools.gnu-tools-for-stm32.10.3-2021.10.linux64_1.0.0.202111181127/tools/bin/../lib/gcc/arm-none-eabi/10.3.1/../../../../arm-none-eabi/lib/thumb/v7e-m+fp/hard/libc_nano.a(lib_a-init.o)
                0x00000000080076f8                __libc_init_array
 .text.malloc   0x0000000008007740       0x10 /opt/stm32cubeide/plugins/com.st.stm32cube.ide.mcu.externaltools.gnu-tools-for-stm32.10.3-2021.10.linux64_1.0.0.202111181127/tools/bin/../lib/gcc/arm-none-eabi/10.3.1/../../../../arm-none-eabi/lib/thumb/v7e-m+fp/hard/libc_nano.a(lib_a-malloc.o)
                0x0000000008007740                malloc
 .text.free     0x0000000008007750       0x10 /opt/stm32cubeide/plugins/com.st.stm32cube.ide.mcu.externaltools.gnu-tools-for-stm32.10.3-2021.10.linux64_1.0.0.202111181127/tools/bin/../lib/gcc/arm-none-eabi/10.3.1/../../../../arm-none-eabi/lib/thumb/v7e-m+fp/hard/libc_nano.a(lib_a-malloc.o)
                0x0000000008007750                free
 .text.memset   0x0000000008007760       0x10 /opt/stm32cubeide/plugins/com.st.stm32cube.ide.mcu.externaltools.gnu-tools-for-stm32.10.3-2021.10.linux64_1.0.0.202111181127/tools/bin/../lib/gcc/arm-none-eabi/10.3.1/../../../../arm-none-eabi/lib/thumb/v7e-m+fp/hard/libc_nano.a(lib_a-memset.o)
                0x0000000008007760                memset
 .text._free_r  0x0000000008007770       0x98 /opt/stm32cubeide/plugins/com.st.stm32cube.ide.mcu.externaltools.gnu-tools-for-stm32.10.3-2021.10.linux64_1.0.0.202111181127/tools/bin/../lib/gcc/arm-none-eabi/10.3.1/../../../../arm-none-eabi/lib/thumb/v7e-m+fp/hard/libc_nano.a(lib_a-nano-freer.o)
                0x0000000008007770                _free_r
 .text.sbrk_aligned
                0x0000000008007808       0x40 /opt/stm32cubeide/plugins/com.st.stm32cube.ide.mcu.externaltools.gnu-tools-for-stm32.10.3-2021.10.linux64_1.0.0.202111181127/tools/bin/../lib/gcc/arm-none-eabi/10.3.1/../../../../arm-none-eabi/lib/thumb/v7e-m+fp/hard/libc_nano.a(lib_a-nano-mallocr.o)
 .text._malloc_r
                0x0000000008007848       0xe8 /opt/stm32cubeide/plugins/com.st.stm32cube.ide.mcu.externaltools.gnu-tools-for-stm32.10.3-2021.10.linux64_1.0.0.202111181127/tools/bin/../lib/gcc/arm-none-eabi/10.3.1/../../../../arm-none-eabi/lib/thumb/v7e-m+fp/hard/libc_nano.a(lib_a-nano-mallocr.o)
                0x0000000008007848                _malloc_r
 .text._sbrk_r  0x0000000008007930       0x20 /opt/stm32cubeide/plugins/com.st.stm32cube.ide.mcu.externaltools.gnu-tools-for-stm32.10.3-2021.10.linux64_1.0.0.202111181127/tools/bin/../lib/gcc/arm-none-eabi/10.3.1/../../../../arm-none-eabi/lib/thumb/v7e-m+fp/hard/libc_nano.a(lib_a-sbrkr.o)
                0x0000000008007930                _sbrk_r
 .text.__malloc_lock
                0x0000000008007950        0xc /opt/stm32cubeide/plugins/com.st.stm32cube.ide.mcu.externaltools.gnu-tools-for-stm32.10.3-2021.10.linux64_1.0.0.202111181127/tools/bin/../lib/gcc/arm-none-eabi/10.3.1/../../../../arm-none-eabi/lib/thumb/v7e-m+fp/hard/libc_nano.a(lib_a-mlock.o)
                0x0000000008007950                __malloc_lock
 .text.__malloc_unlock
                0x000000000800795c        0xc /opt/stm32cubeide/plugins/com.st.stm32cube.ide.mcu.externaltools.gnu-tools-for-stm32.10.3-2021.10.linux64_1.0.0.202111181127/tools/bin/../lib/gcc/arm-none-eabi/10.3.1/../../../../arm-none-eabi/lib/thumb/v7e-m+fp/hard/libc_nano.a(lib_a-mlock.o)
                0x000000000800795c                __malloc_unlock
 .text.__retarget_lock_acquire_recursive
                0x0000000008007968        0x2 /opt/stm32cubeide/plugins/com.st.stm32cube.ide.mcu.externaltools.gnu-tools-for-stm32.10.3-2021.10.linux64_1.0.0.202111181127/tools/bin/../lib/gcc/arm-none-eabi/10.3.1/../../../../arm-none-eabi/lib/thumb/v7e-m+fp/hard/libc_nano.a(lib_a-lock.o)
                0x0000000008007968                __retarget_lock_acquire_recursive
 .text.__retarget_lock_release_recursive
                0x000000000800796a        0x2 /opt/stm32cubeide/plugins/com.st.stm32cube.ide.mcu.externaltools.gnu-tools-for-stm32.10.3-2021.10.linux64_1.0.0.202111181127/tools/bin/../lib/gcc/arm-none-eabi/10.3.1/../../../../arm-none-eabi/lib/thumb/v7e-m+fp/hard/libc_nano.a(lib_a-lock.o)
                0x000000000800796a                __retarget_lock_release_recursive
 *(.glue_7)
 .glue_7        0x000000000800796c        0x0 linker stubs
 *(.glue_7t)
 .glue_7t       0x000000000800796c        0x0 linker stubs
 *(.eh_frame)
 .eh_frame      0x000000000800796c        0x0 /opt/stm32cubeide/plugins/com.st.stm32cube.ide.mcu.externaltools.gnu-tools-for-stm32.10.3-2021.10.linux64_1.0.0.202111181127/tools/bin/../lib/gcc/arm-none-eabi/10.3.1/thumb/v7e-m+fp/hard/crtbegin.o
 *(.init)
 .init          0x000000000800796c        0x4 /opt/stm32cubeide/plugins/com.st.stm32cube.ide.mcu.externaltools.gnu-tools-for-stm32.10.3-2021.10.linux64_1.0.0.202111181127/tools/bin/../lib/gcc/arm-none-eabi/10.3.1/thumb/v7e-m+fp/hard/crti.o
                0x000000000800796c                _init
 .init          0x0000000008007970        0x8 /opt/stm32cubeide/plugins/com.st.stm32cube.ide.mcu.externaltools.gnu-tools-for-stm32.10.3-2021.10.linux64_1.0.0.202111181127/tools/bin/../lib/gcc/arm-none-eabi/10.3.1/thumb/v7e-m+fp/hard/crtn.o
 *(.fini)
 .fini          0x0000000008007978        0x4 /opt/stm32cubeide/plugins/com.st.stm32cube.ide.mcu.externaltools.gnu-tools-for-stm32.10.3-2021.10.linux64_1.0.0.202111181127/tools/bin/../lib/gcc/arm-none-eabi/10.3.1/thumb/v7e-m+fp/hard/crti.o
                0x0000000008007978                _fini
 .fini          0x000000000800797c        0x8 /opt/stm32cubeide/plugins/com.st.stm32cube.ide.mcu.externaltools.gnu-tools-for-stm32.10.3-2021.10.linux64_1.0.0.202111181127/tools/bin/../lib/gcc/arm-none-eabi/10.3.1/thumb/v7e-m+fp/hard/crtn.o
                0x0000000008007984                . = ALIGN (0x4)
                0x0000000008007984                _etext = .

.vfp11_veneer   0x0000000008007984        0x0
 .vfp11_veneer  0x0000000008007984        0x0 linker stubs

.v4_bx          0x0000000008007984        0x0
 .v4_bx         0x0000000008007984        0x0 linker stubs

.iplt           0x0000000008007984        0x0
 .iplt          0x0000000008007984        0x0 /opt/stm32cubeide/plugins/com.st.stm32cube.ide.mcu.externaltools.gnu-tools-for-stm32.10.3-2021.10.linux64_1.0.0.202111181127/tools/bin/../lib/gcc/arm-none-eabi/10.3.1/thumb/v7e-m+fp/hard/crtbegin.o

.rodata         0x0000000008007984       0x4c
                0x0000000008007984                . = ALIGN (0x4)
 *(.rodata)
 .rodata        0x0000000008007984       0x3b ./USB_DEVICE/App/usbd_desc.o
 *(.rodata*)
 *fill*         0x00000000080079bf        0x1 
 .rodata.AHBPrescTable
                0x00000000080079c0       0x10 ./Core/Src/system_stm32f7xx.o
                0x00000000080079c0                AHBPrescTable
                0x00000000080079d0                . = ALIGN (0x4)

.ARM.extab      0x00000000080079d0        0x0
                0x00000000080079d0                . = ALIGN (0x4)
 *(.ARM.extab* .gnu.linkonce.armextab.*)
                0x00000000080079d0                . = ALIGN (0x4)

.ARM            0x00000000080079d0        0x8
                0x00000000080079d0                . = ALIGN (0x4)
                0x00000000080079d0                __exidx_start = .
 *(.ARM.exidx*)
 .ARM.exidx     0x00000000080079d0        0x8 /opt/stm32cubeide/plugins/com.st.stm32cube.ide.mcu.externaltools.gnu-tools-for-stm32.10.3-2021.10.linux64_1.0.0.202111181127/tools/bin/../lib/gcc/arm-none-eabi/10.3.1/thumb/v7e-m+fp/hard/libgcc.a(_udivmoddi4.o)
                0x00000000080079d8                __exidx_end = .
                0x00000000080079d8                . = ALIGN (0x4)

.rel.dyn        0x00000000080079d8        0x0
 .rel.iplt      0x00000000080079d8        0x0 /opt/stm32cubeide/plugins/com.st.stm32cube.ide.mcu.externaltools.gnu-tools-for-stm32.10.3-2021.10.linux64_1.0.0.202111181127/tools/bin/../lib/gcc/arm-none-eabi/10.3.1/thumb/v7e-m+fp/hard/crtbegin.o

.preinit_array  0x00000000080079d8        0x0
                0x00000000080079d8                . = ALIGN (0x4)
                0x00000000080079d8                PROVIDE (__preinit_array_start = .)
 *(.preinit_array*)
                0x00000000080079d8                PROVIDE (__preinit_array_end = .)
                0x00000000080079d8                . = ALIGN (0x4)

.init_array     0x00000000080079d8        0x4
                0x00000000080079d8                . = ALIGN (0x4)
                0x00000000080079d8                PROVIDE (__init_array_start = .)
 *(SORT_BY_NAME(.init_array.*))
 *(.init_array*)
 .init_array    0x00000000080079d8        0x4 /opt/stm32cubeide/plugins/com.st.stm32cube.ide.mcu.externaltools.gnu-tools-for-stm32.10.3-2021.10.linux64_1.0.0.202111181127/tools/bin/../lib/gcc/arm-none-eabi/10.3.1/thumb/v7e-m+fp/hard/crtbegin.o
                0x00000000080079dc                PROVIDE (__init_array_end = .)
                0x00000000080079dc                . = ALIGN (0x4)

.fini_array     0x00000000080079dc        0x4
                0x00000000080079dc                . = ALIGN (0x4)
                [!provide]                        PROVIDE (__fini_array_start = .)
 *(SORT_BY_NAME(.fini_array.*))
 *(.fini_array*)
 .fini_array    0x00000000080079dc        0x4 /opt/stm32cubeide/plugins/com.st.stm32cube.ide.mcu.externaltools.gnu-tools-for-stm32.10.3-2021.10.linux64_1.0.0.202111181127/tools/bin/../lib/gcc/arm-none-eabi/10.3.1/thumb/v7e-m+fp/hard/crtbegin.o
                [!provide]                        PROVIDE (__fini_array_end = .)
                0x00000000080079e0                . = ALIGN (0x4)
                0x00000000080079e0                _sidata = LOADADDR (.data)

.data           0x0000000020000000      0x17c load address 0x00000000080079e0
                0x0000000020000000                . = ALIGN (0x4)
                0x0000000020000000                _sdata = .
 *(.data)
 *(.data*)
 .data.SystemCoreClock
                0x0000000020000000        0x4 ./Core/Src/system_stm32f7xx.o
                0x0000000020000000                SystemCoreClock
 .data.uwTickPrio
                0x0000000020000004        0x4 ./Drivers/STM32F7xx_HAL_Driver/Src/stm32f7xx_hal.o
                0x0000000020000004                uwTickPrio
 .data.uwTickFreq
                0x0000000020000008        0x1 ./Drivers/STM32F7xx_HAL_Driver/Src/stm32f7xx_hal.o
                0x0000000020000008                uwTickFreq
 *fill*         0x0000000020000009        0x3 
 .data.USBD_CDC_DeviceQualifierDesc
                0x000000002000000c        0xa ./Middlewares/ST/STM32_USB_Device_Library/Class/CDC/Src/usbd_cdc.o
 *fill*         0x0000000020000016        0x2 
 .data.USBD_CDC
                0x0000000020000018       0x38 ./Middlewares/ST/STM32_USB_Device_Library/Class/CDC/Src/usbd_cdc.o
                0x0000000020000018                USBD_CDC
 .data.USBD_CDC_CfgHSDesc
                0x0000000020000050       0x19 ./Middlewares/ST/STM32_USB_Device_Library/Class/CDC/Src/usbd_cdc.o
 *fill*         0x0000000020000069        0x3 
 .data.USBD_CDC_CfgFSDesc
                0x000000002000006c       0x19 ./Middlewares/ST/STM32_USB_Device_Library/Class/CDC/Src/usbd_cdc.o
 *fill*         0x0000000020000085        0x3 
 .data.USBD_CDC_OtherSpeedCfgDesc
                0x0000000020000088       0x19 ./Middlewares/ST/STM32_USB_Device_Library/Class/CDC/Src/usbd_cdc.o
 *fill*         0x00000000200000a1        0x3 
 .data.USBD_Interface_fops_HS
                0x00000000200000a4       0x14 ./USB_DEVICE/App/usbd_cdc_if.o
                0x00000000200000a4                USBD_Interface_fops_HS
 .data.HS_Desc  0x00000000200000b8       0x20 ./USB_DEVICE/App/usbd_desc.o
                0x00000000200000b8                HS_Desc
 .data.USBD_HS_DeviceDesc
                0x00000000200000d8       0x12 ./USB_DEVICE/App/usbd_desc.o
                0x00000000200000d8                USBD_HS_DeviceDesc
 *fill*         0x00000000200000ea        0x2 
 .data.USBD_HS_BOSDesc
                0x00000000200000ec        0xc ./USB_DEVICE/App/usbd_desc.o
                0x00000000200000ec                USBD_HS_BOSDesc
 .data.USBD_LangIDDesc
                0x00000000200000f8        0x4 ./USB_DEVICE/App/usbd_desc.o
                0x00000000200000f8                USBD_LangIDDesc
 .data.USBD_StringSerial
                0x00000000200000fc       0x1a ./USB_DEVICE/App/usbd_desc.o
                0x00000000200000fc                USBD_StringSerial
 *fill*         0x0000000020000116        0x2 
 .data._impure_ptr
                0x0000000020000118        0x4 /opt/stm32cubeide/plugins/com.st.stm32cube.ide.mcu.externaltools.gnu-tools-for-stm32.10.3-2021.10.linux64_1.0.0.202111181127/tools/bin/../lib/gcc/arm-none-eabi/10.3.1/../../../../arm-none-eabi/lib/thumb/v7e-m+fp/hard/libc_nano.a(lib_a-impure.o)
                0x0000000020000118                _impure_ptr
 .data.impure_data
                0x000000002000011c       0x60 /opt/stm32cubeide/plugins/com.st.stm32cube.ide.mcu.externaltools.gnu-tools-for-stm32.10.3-2021.10.linux64_1.0.0.202111181127/tools/bin/../lib/gcc/arm-none-eabi/10.3.1/../../../../arm-none-eabi/lib/thumb/v7e-m+fp/hard/libc_nano.a(lib_a-impure.o)
 *(.RamFunc)
 *(.RamFunc*)
                0x000000002000017c                . = ALIGN (0x4)
                0x000000002000017c                _edata = .

.igot.plt       0x000000002000017c        0x0 load address 0x0000000008007b5c
 .igot.plt      0x000000002000017c        0x0 /opt/stm32cubeide/plugins/com.st.stm32cube.ide.mcu.externaltools.gnu-tools-for-stm32.10.3-2021.10.linux64_1.0.0.202111181127/tools/bin/../lib/gcc/arm-none-eabi/10.3.1/thumb/v7e-m+fp/hard/crtbegin.o
                0x000000002000017c                . = ALIGN (0x4)

.bss            0x000000002000017c    0x1990c load address 0x0000000008007b5c
                0x000000002000017c                _sbss = .
                0x000000002000017c                __bss_start__ = _sbss
 *(.bss)
 .bss           0x000000002000017c       0x1c /opt/stm32cubeide/plugins/com.st.stm32cube.ide.mcu.externaltools.gnu-tools-for-stm32.10.3-2021.10.linux64_1.0.0.202111181127/tools/bin/../lib/gcc/arm-none-eabi/10.3.1/thumb/v7e-m+fp/hard/crtbegin.o
 *(.bss*)
 .bss.out_buf   0x0000000020000198    0x18000 ./Core/Src/main.o
                0x0000000020000198                out_buf
 .bss.__sbrk_heap_end
                0x0000000020018198        0x4 ./Core/Src/sysmem.o
 .bss.uwTick    0x000000002001819c        0x4 ./Drivers/STM32F7xx_HAL_Driver/Src/stm32f7xx_hal.o
                0x000000002001819c                uwTick
 .bss.cfgidx.0  0x00000000200181a0        0x1 ./Middlewares/ST/STM32_USB_Device_Library/Core/Src/usbd_ctlreq.o
 *fill*         0x00000000200181a1        0x3 
 .bss.hUsbDeviceHS
                0x00000000200181a4      0x2d0 ./USB_DEVICE/App/usb_device.o
                0x00000000200181a4                hUsbDeviceHS
 .bss.UserRxBufferHS
                0x0000000020018474      0x800 ./USB_DEVICE/App/usbd_cdc_if.o
                0x0000000020018474                UserRxBufferHS
 .bss.UserTxBufferHS
                0x0000000020018c74      0x800 ./USB_DEVICE/App/usbd_cdc_if.o
                0x0000000020018c74                UserTxBufferHS
 .bss.USBD_StrDesc
                0x0000000020019474      0x200 ./USB_DEVICE/App/usbd_desc.o
                0x0000000020019474                USBD_StrDesc
 .bss.hpcd_USB_OTG_HS
                0x0000000020019674      0x404 ./USB_DEVICE/Target/usbd_conf.o
                0x0000000020019674                hpcd_USB_OTG_HS
 .bss.__malloc_free_list
                0x0000000020019a78        0x4 /opt/stm32cubeide/plugins/com.st.stm32cube.ide.mcu.externaltools.gnu-tools-for-stm32.10.3-2021.10.linux64_1.0.0.202111181127/tools/bin/../lib/gcc/arm-none-eabi/10.3.1/../../../../arm-none-eabi/lib/thumb/v7e-m+fp/hard/libc_nano.a(lib_a-nano-mallocr.o)
                0x0000000020019a78                __malloc_free_list
 .bss.__malloc_sbrk_start
                0x0000000020019a7c        0x4 /opt/stm32cubeide/plugins/com.st.stm32cube.ide.mcu.externaltools.gnu-tools-for-stm32.10.3-2021.10.linux64_1.0.0.202111181127/tools/bin/../lib/gcc/arm-none-eabi/10.3.1/../../../../arm-none-eabi/lib/thumb/v7e-m+fp/hard/libc_nano.a(lib_a-nano-mallocr.o)
                0x0000000020019a7c                __malloc_sbrk_start
 .bss.errno     0x0000000020019a80        0x4 /opt/stm32cubeide/plugins/com.st.stm32cube.ide.mcu.externaltools.gnu-tools-for-stm32.10.3-2021.10.linux64_1.0.0.202111181127/tools/bin/../lib/gcc/arm-none-eabi/10.3.1/../../../../arm-none-eabi/lib/thumb/v7e-m+fp/hard/libc_nano.a(lib_a-reent.o)
                0x0000000020019a80                errno
 .bss.__lock___malloc_recursive_mutex
                0x0000000020019a84        0x1 /opt/stm32cubeide/plugins/com.st.stm32cube.ide.mcu.externaltools.gnu-tools-for-stm32.10.3-2021.10.linux64_1.0.0.202111181127/tools/bin/../lib/gcc/arm-none-eabi/10.3.1/../../../../arm-none-eabi/lib/thumb/v7e-m+fp/hard/libc_nano.a(lib_a-lock.o)
                0x0000000020019a84                __lock___malloc_recursive_mutex
 *(COMMON)
                0x0000000020019a88                . = ALIGN (0x4)
 *fill*         0x0000000020019a85        0x3 
                0x0000000020019a88                _ebss = .
                0x0000000020019a88                __bss_end__ = _ebss

._user_heap_stack
                0x0000000020019a88      0x600 load address 0x0000000008007b5c
                0x0000000020019a88                . = ALIGN (0x8)
                [!provide]                        PROVIDE (end = .)
                0x0000000020019a88                PROVIDE (_end = .)
                0x0000000020019c88                . = (. + _Min_Heap_Size)
 *fill*         0x0000000020019a88      0x200 
                0x000000002001a088                . = (. + _Min_Stack_Size)
 *fill*         0x0000000020019c88      0x400 
                0x000000002001a088                . = ALIGN (0x8)

/DISCARD/
 libc.a(*)
 libm.a(*)
 libgcc.a(*)

.ARM.attributes
                0x0000000000000000       0x30
 *(.ARM.attributes)
 .ARM.attributes
                0x0000000000000000       0x1e /opt/stm32cubeide/plugins/com.st.stm32cube.ide.mcu.externaltools.gnu-tools-for-stm32.10.3-2021.10.linux64_1.0.0.202111181127/tools/bin/../lib/gcc/arm-none-eabi/10.3.1/thumb/v7e-m+fp/hard/crti.o
 .ARM.attributes
                0x000000000000001e       0x34 /opt/stm32cubeide/plugins/com.st.stm32cube.ide.mcu.externaltools.gnu-tools-for-stm32.10.3-2021.10.linux64_1.0.0.202111181127/tools/bin/../lib/gcc/arm-none-eabi/10.3.1/thumb/v7e-m+fp/hard/crtbegin.o
 .ARM.attributes
                0x0000000000000052       0x34 ./Core/Src/main.o
 .ARM.attributes
                0x0000000000000086       0x34 ./Core/Src/stm32f7xx_hal_msp.o
 .ARM.attributes
                0x00000000000000ba       0x34 ./Core/Src/stm32f7xx_it.o
 .ARM.attributes
                0x00000000000000ee       0x34 ./Core/Src/sysmem.o
 .ARM.attributes
                0x0000000000000122       0x34 ./Core/Src/system_stm32f7xx.o
 .ARM.attributes
                0x0000000000000156       0x21 ./Core/Startup/startup_stm32f723iekx.o
 .ARM.attributes
                0x0000000000000177       0x34 ./Drivers/STM32F7xx_HAL_Driver/Src/stm32f7xx_hal.o
 .ARM.attributes
                0x00000000000001ab       0x34 ./Drivers/STM32F7xx_HAL_Driver/Src/stm32f7xx_hal_cortex.o
 .ARM.attributes
                0x00000000000001df       0x34 ./Drivers/STM32F7xx_HAL_Driver/Src/stm32f7xx_hal_gpio.o
 .ARM.attributes
                0x0000000000000213       0x34 ./Drivers/STM32F7xx_HAL_Driver/Src/stm32f7xx_hal_pcd.o
 .ARM.attributes
                0x0000000000000247       0x34 ./Drivers/STM32F7xx_HAL_Driver/Src/stm32f7xx_hal_pcd_ex.o
 .ARM.attributes
                0x000000000000027b       0x34 ./Drivers/STM32F7xx_HAL_Driver/Src/stm32f7xx_hal_pwr.o
 .ARM.attributes
                0x00000000000002af       0x34 ./Drivers/STM32F7xx_HAL_Driver/Src/stm32f7xx_hal_pwr_ex.o
 .ARM.attributes
                0x00000000000002e3       0x34 ./Drivers/STM32F7xx_HAL_Driver/Src/stm32f7xx_hal_rcc.o
 .ARM.attributes
                0x0000000000000317       0x34 ./Drivers/STM32F7xx_HAL_Driver/Src/stm32f7xx_hal_rcc_ex.o
 .ARM.attributes
                0x000000000000034b       0x34 ./Drivers/STM32F7xx_HAL_Driver/Src/stm32f7xx_ll_usb.o
 .ARM.attributes
                0x000000000000037f       0x34 ./Middlewares/ST/STM32_USB_Device_Library/Class/CDC/Src/usbd_cdc.o
 .ARM.attributes
                0x00000000000003b3       0x34 ./Middlewares/ST/STM32_USB_Device_Library/Core/Src/usbd_core.o
 .ARM.attributes
                0x00000000000003e7       0x34 ./Middlewares/ST/STM32_USB_Device_Library/Core/Src/usbd_ctlreq.o
 .ARM.attributes
                0x000000000000041b       0x34 ./Middlewares/ST/STM32_USB_Device_Library/Core/Src/usbd_ioreq.o
 .ARM.attributes
                0x000000000000044f       0x34 ./USB_DEVICE/App/usb_device.o
 .ARM.attributes
                0x0000000000000483       0x34 ./USB_DEVICE/App/usbd_cdc_if.o
 .ARM.attributes
                0x00000000000004b7       0x34 ./USB_DEVICE/App/usbd_desc.o
 .ARM.attributes
                0x00000000000004eb       0x34 ./USB_DEVICE/Target/usbd_conf.o
 .ARM.attributes
                0x000000000000051f       0x34 /opt/stm32cubeide/plugins/com.st.stm32cube.ide.mcu.externaltools.gnu-tools-for-stm32.10.3-2021.10.linux64_1.0.0.202111181127/tools/bin/../lib/gcc/arm-none-eabi/10.3.1/../../../../arm-none-eabi/lib/thumb/v7e-m+fp/hard/libc_nano.a(lib_a-errno.o)
 .ARM.attributes
                0x0000000000000553       0x34 /opt/stm32cubeide/plugins/com.st.stm32cube.ide.mcu.externaltools.gnu-tools-for-stm32.10.3-2021.10.linux64_1.0.0.202111181127/tools/bin/../lib/gcc/arm-none-eabi/10.3.1/../../../../arm-none-eabi/lib/thumb/v7e-m+fp/hard/libc_nano.a(lib_a-impure.o)
 .ARM.attributes
                0x0000000000000587       0x34 /opt/stm32cubeide/plugins/com.st.stm32cube.ide.mcu.externaltools.gnu-tools-for-stm32.10.3-2021.10.linux64_1.0.0.202111181127/tools/bin/../lib/gcc/arm-none-eabi/10.3.1/../../../../arm-none-eabi/lib/thumb/v7e-m+fp/hard/libc_nano.a(lib_a-init.o)
 .ARM.attributes
                0x00000000000005bb       0x34 /opt/stm32cubeide/plugins/com.st.stm32cube.ide.mcu.externaltools.gnu-tools-for-stm32.10.3-2021.10.linux64_1.0.0.202111181127/tools/bin/../lib/gcc/arm-none-eabi/10.3.1/../../../../arm-none-eabi/lib/thumb/v7e-m+fp/hard/libc_nano.a(lib_a-malloc.o)
 .ARM.attributes
                0x00000000000005ef       0x34 /opt/stm32cubeide/plugins/com.st.stm32cube.ide.mcu.externaltools.gnu-tools-for-stm32.10.3-2021.10.linux64_1.0.0.202111181127/tools/bin/../lib/gcc/arm-none-eabi/10.3.1/../../../../arm-none-eabi/lib/thumb/v7e-m+fp/hard/libc_nano.a(lib_a-memset.o)
 .ARM.attributes
                0x0000000000000623       0x34 /opt/stm32cubeide/plugins/com.st.stm32cube.ide.mcu.externaltools.gnu-tools-for-stm32.10.3-2021.10.linux64_1.0.0.202111181127/tools/bin/../lib/gcc/arm-none-eabi/10.3.1/../../../../arm-none-eabi/lib/thumb/v7e-m+fp/hard/libc_nano.a(lib_a-nano-freer.o)
 .ARM.attributes
                0x0000000000000657       0x34 /opt/stm32cubeide/plugins/com.st.stm32cube.ide.mcu.externaltools.gnu-tools-for-stm32.10.3-2021.10.linux64_1.0.0.202111181127/tools/bin/../lib/gcc/arm-none-eabi/10.3.1/../../../../arm-none-eabi/lib/thumb/v7e-m+fp/hard/libc_nano.a(lib_a-nano-mallocr.o)
 .ARM.attributes
                0x000000000000068b       0x34 /opt/stm32cubeide/plugins/com.st.stm32cube.ide.mcu.externaltools.gnu-tools-for-stm32.10.3-2021.10.linux64_1.0.0.202111181127/tools/bin/../lib/gcc/arm-none-eabi/10.3.1/../../../../arm-none-eabi/lib/thumb/v7e-m+fp/hard/libc_nano.a(lib_a-sbrkr.o)
 .ARM.attributes
                0x00000000000006bf       0x34 /opt/stm32cubeide/plugins/com.st.stm32cube.ide.mcu.externaltools.gnu-tools-for-stm32.10.3-2021.10.linux64_1.0.0.202111181127/tools/bin/../lib/gcc/arm-none-eabi/10.3.1/../../../../arm-none-eabi/lib/thumb/v7e-m+fp/hard/libc_nano.a(lib_a-mlock.o)
 .ARM.attributes
                0x00000000000006f3       0x34 /opt/stm32cubeide/plugins/com.st.stm32cube.ide.mcu.externaltools.gnu-tools-for-stm32.10.3-2021.10.linux64_1.0.0.202111181127/tools/bin/../lib/gcc/arm-none-eabi/10.3.1/../../../../arm-none-eabi/lib/thumb/v7e-m+fp/hard/libc_nano.a(lib_a-reent.o)
 .ARM.attributes
                0x0000000000000727       0x34 /opt/stm32cubeide/plugins/com.st.stm32cube.ide.mcu.externaltools.gnu-tools-for-stm32.10.3-2021.10.linux64_1.0.0.202111181127/tools/bin/../lib/gcc/arm-none-eabi/10.3.1/../../../../arm-none-eabi/lib/thumb/v7e-m+fp/hard/libc_nano.a(lib_a-lock.o)
 .ARM.attributes
                0x000000000000075b       0x1e /opt/stm32cubeide/plugins/com.st.stm32cube.ide.mcu.externaltools.gnu-tools-for-stm32.10.3-2021.10.linux64_1.0.0.202111181127/tools/bin/../lib/gcc/arm-none-eabi/10.3.1/thumb/v7e-m+fp/hard/libgcc.a(_aeabi_uldivmod.o)
 .ARM.attributes
                0x0000000000000779       0x34 /opt/stm32cubeide/plugins/com.st.stm32cube.ide.mcu.externaltools.gnu-tools-for-stm32.10.3-2021.10.linux64_1.0.0.202111181127/tools/bin/../lib/gcc/arm-none-eabi/10.3.1/thumb/v7e-m+fp/hard/libgcc.a(_udivmoddi4.o)
 .ARM.attributes
                0x00000000000007ad       0x1e /opt/stm32cubeide/plugins/com.st.stm32cube.ide.mcu.externaltools.gnu-tools-for-stm32.10.3-2021.10.linux64_1.0.0.202111181127/tools/bin/../lib/gcc/arm-none-eabi/10.3.1/thumb/v7e-m+fp/hard/libgcc.a(_dvmd_tls.o)
 .ARM.attributes
                0x00000000000007cb       0x1e /opt/stm32cubeide/plugins/com.st.stm32cube.ide.mcu.externaltools.gnu-tools-for-stm32.10.3-2021.10.linux64_1.0.0.202111181127/tools/bin/../lib/gcc/arm-none-eabi/10.3.1/thumb/v7e-m+fp/hard/crtn.o
OUTPUT(only_usb_highspeed.elf elf32-littlearm)
LOAD linker stubs
LOAD /opt/stm32cubeide/plugins/com.st.stm32cube.ide.mcu.externaltools.gnu-tools-for-stm32.10.3-2021.10.linux64_1.0.0.202111181127/tools/bin/../lib/gcc/arm-none-eabi/10.3.1/../../../../arm-none-eabi/lib/thumb/v7e-m+fp/hard/libc.a
LOAD /opt/stm32cubeide/plugins/com.st.stm32cube.ide.mcu.externaltools.gnu-tools-for-stm32.10.3-2021.10.linux64_1.0.0.202111181127/tools/bin/../lib/gcc/arm-none-eabi/10.3.1/../../../../arm-none-eabi/lib/thumb/v7e-m+fp/hard/libm.a
LOAD /opt/stm32cubeide/plugins/com.st.stm32cube.ide.mcu.externaltools.gnu-tools-for-stm32.10.3-2021.10.linux64_1.0.0.202111181127/tools/bin/../lib/gcc/arm-none-eabi/10.3.1/thumb/v7e-m+fp/hard/libgcc.a

.debug_info     0x0000000000000000    0x1042f
 .debug_info    0x0000000000000000      0xd7f ./Core/Src/main.o
 .debug_info    0x0000000000000d7f      0x2d2 ./Core/Src/stm32f7xx_hal_msp.o
 .debug_info    0x0000000000001051      0x67e ./Core/Src/stm32f7xx_it.o
 .debug_info    0x00000000000016cf      0x171 ./Core/Src/sysmem.o
 .debug_info    0x0000000000001840      0x72c ./Core/Src/system_stm32f7xx.o
 .debug_info    0x0000000000001f6c       0x22 ./Core/Startup/startup_stm32f723iekx.o
 .debug_info    0x0000000000001f8e      0xa4a ./Drivers/STM32F7xx_HAL_Driver/Src/stm32f7xx_hal.o
 .debug_info    0x00000000000029d8     0x1012 ./Drivers/STM32F7xx_HAL_Driver/Src/stm32f7xx_hal_cortex.o
 .debug_info    0x00000000000039ea      0x794 ./Drivers/STM32F7xx_HAL_Driver/Src/stm32f7xx_hal_gpio.o
 .debug_info    0x000000000000417e     0x1613 ./Drivers/STM32F7xx_HAL_Driver/Src/stm32f7xx_hal_pcd.o
 .debug_info    0x0000000000005791      0x7b7 ./Drivers/STM32F7xx_HAL_Driver/Src/stm32f7xx_hal_pcd_ex.o
 .debug_info    0x0000000000005f48      0x978 ./Drivers/STM32F7xx_HAL_Driver/Src/stm32f7xx_hal_pwr.o
 .debug_info    0x00000000000068c0      0x92e ./Drivers/STM32F7xx_HAL_Driver/Src/stm32f7xx_hal_pwr_ex.o
 .debug_info    0x00000000000071ee      0x9aa ./Drivers/STM32F7xx_HAL_Driver/Src/stm32f7xx_hal_rcc.o
 .debug_info    0x0000000000007b98      0x74f ./Drivers/STM32F7xx_HAL_Driver/Src/stm32f7xx_hal_rcc_ex.o
 .debug_info    0x00000000000082e7     0x1b34 ./Drivers/STM32F7xx_HAL_Driver/Src/stm32f7xx_ll_usb.o
 .debug_info    0x0000000000009e1b     0x119b ./Middlewares/ST/STM32_USB_Device_Library/Class/CDC/Src/usbd_cdc.o
 .debug_info    0x000000000000afb6      0xbcc ./Middlewares/ST/STM32_USB_Device_Library/Core/Src/usbd_core.o
 .debug_info    0x000000000000bb82      0xacc ./Middlewares/ST/STM32_USB_Device_Library/Core/Src/usbd_ctlreq.o
 .debug_info    0x000000000000c64e      0x77b ./Middlewares/ST/STM32_USB_Device_Library/Core/Src/usbd_ioreq.o
 .debug_info    0x000000000000cdc9      0x70b ./USB_DEVICE/App/usb_device.o
 .debug_info    0x000000000000d4d4      0x916 ./USB_DEVICE/App/usbd_cdc_if.o
 .debug_info    0x000000000000ddea      0x4f9 ./USB_DEVICE/App/usbd_desc.o
 .debug_info    0x000000000000e2e3     0x214c ./USB_DEVICE/Target/usbd_conf.o

.debug_abbrev   0x0000000000000000     0x2ee7
 .debug_abbrev  0x0000000000000000      0x2b7 ./Core/Src/main.o
 .debug_abbrev  0x00000000000002b7       0xd4 ./Core/Src/stm32f7xx_hal_msp.o
 .debug_abbrev  0x000000000000038b      0x199 ./Core/Src/stm32f7xx_it.o
 .debug_abbrev  0x0000000000000524       0xbb ./Core/Src/sysmem.o
 .debug_abbrev  0x00000000000005df      0x136 ./Core/Src/system_stm32f7xx.o
 .debug_abbrev  0x0000000000000715       0x12 ./Core/Startup/startup_stm32f723iekx.o
 .debug_abbrev  0x0000000000000727      0x20d ./Drivers/STM32F7xx_HAL_Driver/Src/stm32f7xx_hal.o
 .debug_abbrev  0x0000000000000934      0x316 ./Drivers/STM32F7xx_HAL_Driver/Src/stm32f7xx_hal_cortex.o
 .debug_abbrev  0x0000000000000c4a      0x1c4 ./Drivers/STM32F7xx_HAL_Driver/Src/stm32f7xx_hal_gpio.o
 .debug_abbrev  0x0000000000000e0e      0x2d2 ./Drivers/STM32F7xx_HAL_Driver/Src/stm32f7xx_hal_pcd.o
 .debug_abbrev  0x00000000000010e0      0x1bd ./Drivers/STM32F7xx_HAL_Driver/Src/stm32f7xx_hal_pcd_ex.o
 .debug_abbrev  0x000000000000129d      0x1b8 ./Drivers/STM32F7xx_HAL_Driver/Src/stm32f7xx_hal_pwr.o
 .debug_abbrev  0x0000000000001455      0x1cb ./Drivers/STM32F7xx_HAL_Driver/Src/stm32f7xx_hal_pwr_ex.o
 .debug_abbrev  0x0000000000001620      0x27b ./Drivers/STM32F7xx_HAL_Driver/Src/stm32f7xx_hal_rcc.o
 .debug_abbrev  0x000000000000189b      0x197 ./Drivers/STM32F7xx_HAL_Driver/Src/stm32f7xx_hal_rcc_ex.o
 .debug_abbrev  0x0000000000001a32      0x294 ./Drivers/STM32F7xx_HAL_Driver/Src/stm32f7xx_ll_usb.o
 .debug_abbrev  0x0000000000001cc6      0x2a3 ./Middlewares/ST/STM32_USB_Device_Library/Class/CDC/Src/usbd_cdc.o
 .debug_abbrev  0x0000000000001f69      0x245 ./Middlewares/ST/STM32_USB_Device_Library/Core/Src/usbd_core.o
 .debug_abbrev  0x00000000000021ae      0x275 ./Middlewares/ST/STM32_USB_Device_Library/Core/Src/usbd_ctlreq.o
 .debug_abbrev  0x0000000000002423      0x1a3 ./Middlewares/ST/STM32_USB_Device_Library/Core/Src/usbd_ioreq.o
 .debug_abbrev  0x00000000000025c6      0x1a3 ./USB_DEVICE/App/usb_device.o
 .debug_abbrev  0x0000000000002769      0x2b0 ./USB_DEVICE/App/usbd_cdc_if.o
 .debug_abbrev  0x0000000000002a19      0x1cb ./USB_DEVICE/App/usbd_desc.o
 .debug_abbrev  0x0000000000002be4      0x303 ./USB_DEVICE/Target/usbd_conf.o

.debug_aranges  0x0000000000000000      0xcd8
 .debug_aranges
                0x0000000000000000       0x48 ./Core/Src/main.o
 .debug_aranges
                0x0000000000000048       0x20 ./Core/Src/stm32f7xx_hal_msp.o
 .debug_aranges
                0x0000000000000068       0x68 ./Core/Src/stm32f7xx_it.o
 .debug_aranges
                0x00000000000000d0       0x20 ./Core/Src/sysmem.o
 .debug_aranges
                0x00000000000000f0       0x28 ./Core/Src/system_stm32f7xx.o
 .debug_aranges
                0x0000000000000118       0x28 ./Core/Startup/startup_stm32f723iekx.o
 .debug_aranges
                0x0000000000000140      0x100 ./Drivers/STM32F7xx_HAL_Driver/Src/stm32f7xx_hal.o
 .debug_aranges
                0x0000000000000240      0x118 ./Drivers/STM32F7xx_HAL_Driver/Src/stm32f7xx_hal_cortex.o
 .debug_aranges
                0x0000000000000358       0x58 ./Drivers/STM32F7xx_HAL_Driver/Src/stm32f7xx_hal_gpio.o
 .debug_aranges
                0x00000000000003b0      0x140 ./Drivers/STM32F7xx_HAL_Driver/Src/stm32f7xx_hal_pcd.o
 .debug_aranges
                0x00000000000004f0       0x48 ./Drivers/STM32F7xx_HAL_Driver/Src/stm32f7xx_hal_pcd_ex.o
 .debug_aranges
                0x0000000000000538       0xa0 ./Drivers/STM32F7xx_HAL_Driver/Src/stm32f7xx_hal_pwr.o
 .debug_aranges
                0x00000000000005d8       0x80 ./Drivers/STM32F7xx_HAL_Driver/Src/stm32f7xx_hal_pwr_ex.o
 .debug_aranges
                0x0000000000000658       0x88 ./Drivers/STM32F7xx_HAL_Driver/Src/stm32f7xx_hal_rcc.o
 .debug_aranges
                0x00000000000006e0       0x50 ./Drivers/STM32F7xx_HAL_Driver/Src/stm32f7xx_hal_rcc_ex.o
 .debug_aranges
                0x0000000000000730      0x1a0 ./Drivers/STM32F7xx_HAL_Driver/Src/stm32f7xx_ll_usb.o
 .debug_aranges
                0x00000000000008d0       0x90 ./Middlewares/ST/STM32_USB_Device_Library/Class/CDC/Src/usbd_cdc.o
 .debug_aranges
                0x0000000000000960       0xb8 ./Middlewares/ST/STM32_USB_Device_Library/Core/Src/usbd_core.o
 .debug_aranges
                0x0000000000000a18       0x90 ./Middlewares/ST/STM32_USB_Device_Library/Core/Src/usbd_ctlreq.o
 .debug_aranges
                0x0000000000000aa8       0x50 ./Middlewares/ST/STM32_USB_Device_Library/Core/Src/usbd_ioreq.o
 .debug_aranges
                0x0000000000000af8       0x20 ./USB_DEVICE/App/usb_device.o
 .debug_aranges
                0x0000000000000b18       0x48 ./USB_DEVICE/App/usbd_cdc_if.o
 .debug_aranges
                0x0000000000000b60       0x68 ./USB_DEVICE/App/usbd_desc.o
 .debug_aranges
                0x0000000000000bc8      0x110 ./USB_DEVICE/Target/usbd_conf.o

.debug_ranges   0x0000000000000000      0xb60
 .debug_ranges  0x0000000000000000       0x38 ./Core/Src/main.o
 .debug_ranges  0x0000000000000038       0x10 ./Core/Src/stm32f7xx_hal_msp.o
 .debug_ranges  0x0000000000000048       0x58 ./Core/Src/stm32f7xx_it.o
 .debug_ranges  0x00000000000000a0       0x10 ./Core/Src/sysmem.o
 .debug_ranges  0x00000000000000b0       0x18 ./Core/Src/system_stm32f7xx.o
 .debug_ranges  0x00000000000000c8       0x20 ./Core/Startup/startup_stm32f723iekx.o
 .debug_ranges  0x00000000000000e8       0xf0 ./Drivers/STM32F7xx_HAL_Driver/Src/stm32f7xx_hal.o
 .debug_ranges  0x00000000000001d8      0x108 ./Drivers/STM32F7xx_HAL_Driver/Src/stm32f7xx_hal_cortex.o
 .debug_ranges  0x00000000000002e0       0x48 ./Drivers/STM32F7xx_HAL_Driver/Src/stm32f7xx_hal_gpio.o
 .debug_ranges  0x0000000000000328      0x130 ./Drivers/STM32F7xx_HAL_Driver/Src/stm32f7xx_hal_pcd.o
 .debug_ranges  0x0000000000000458       0x38 ./Drivers/STM32F7xx_HAL_Driver/Src/stm32f7xx_hal_pcd_ex.o
 .debug_ranges  0x0000000000000490       0x90 ./Drivers/STM32F7xx_HAL_Driver/Src/stm32f7xx_hal_pwr.o
 .debug_ranges  0x0000000000000520       0x70 ./Drivers/STM32F7xx_HAL_Driver/Src/stm32f7xx_hal_pwr_ex.o
 .debug_ranges  0x0000000000000590       0x78 ./Drivers/STM32F7xx_HAL_Driver/Src/stm32f7xx_hal_rcc.o
 .debug_ranges  0x0000000000000608       0x40 ./Drivers/STM32F7xx_HAL_Driver/Src/stm32f7xx_hal_rcc_ex.o
 .debug_ranges  0x0000000000000648      0x190 ./Drivers/STM32F7xx_HAL_Driver/Src/stm32f7xx_ll_usb.o
 .debug_ranges  0x00000000000007d8       0x80 ./Middlewares/ST/STM32_USB_Device_Library/Class/CDC/Src/usbd_cdc.o
 .debug_ranges  0x0000000000000858       0xa8 ./Middlewares/ST/STM32_USB_Device_Library/Core/Src/usbd_core.o
 .debug_ranges  0x0000000000000900       0x80 ./Middlewares/ST/STM32_USB_Device_Library/Core/Src/usbd_ctlreq.o
 .debug_ranges  0x0000000000000980       0x40 ./Middlewares/ST/STM32_USB_Device_Library/Core/Src/usbd_ioreq.o
 .debug_ranges  0x00000000000009c0       0x10 ./USB_DEVICE/App/usb_device.o
 .debug_ranges  0x00000000000009d0       0x38 ./USB_DEVICE/App/usbd_cdc_if.o
 .debug_ranges  0x0000000000000a08       0x58 ./USB_DEVICE/App/usbd_desc.o
 .debug_ranges  0x0000000000000a60      0x100 ./USB_DEVICE/Target/usbd_conf.o

.debug_macro    0x0000000000000000    0x252ff
 .debug_macro   0x0000000000000000      0x422 ./Core/Src/main.o
 .debug_macro   0x0000000000000422      0xa78 ./Core/Src/main.o
 .debug_macro   0x0000000000000e9a      0x28d ./Core/Src/main.o
 .debug_macro   0x0000000000001127       0x2e ./Core/Src/main.o
 .debug_macro   0x0000000000001155       0x3b ./Core/Src/main.o
 .debug_macro   0x0000000000001190       0x22 ./Core/Src/main.o
 .debug_macro   0x00000000000011b2       0x8e ./Core/Src/main.o
 .debug_macro   0x0000000000001240       0x51 ./Core/Src/main.o
 .debug_macro   0x0000000000001291      0x103 ./Core/Src/main.o
 .debug_macro   0x0000000000001394       0x6a ./Core/Src/main.o
 .debug_macro   0x00000000000013fe      0x1df ./Core/Src/main.o
 .debug_macro   0x00000000000015dd       0x1c ./Core/Src/main.o
 .debug_macro   0x00000000000015f9       0x22 ./Core/Src/main.o
 .debug_macro   0x000000000000161b       0xd9 ./Core/Src/main.o
 .debug_macro   0x00000000000016f4     0x12cd ./Core/Src/main.o
 .debug_macro   0x00000000000029c1      0x11f ./Core/Src/main.o
 .debug_macro   0x0000000000002ae0       0x19 ./Core/Src/main.o
 .debug_macro   0x0000000000002af9    0x15e66 ./Core/Src/main.o
 .debug_macro   0x000000000001895f       0x6d ./Core/Src/main.o
 .debug_macro   0x00000000000189cc     0x3714 ./Core/Src/main.o
 .debug_macro   0x000000000001c0e0      0x174 ./Core/Src/main.o
 .debug_macro   0x000000000001c254       0x63 ./Core/Src/main.o
 .debug_macro   0x000000000001c2b7     0x15b2 ./Core/Src/main.o
 .debug_macro   0x000000000001d869      0x6c4 ./Core/Src/main.o
 .debug_macro   0x000000000001df2d      0x17e ./Core/Src/main.o
 .debug_macro   0x000000000001e0ab      0x115 ./Core/Src/main.o
 .debug_macro   0x000000000001e1c0      0x1d8 ./Core/Src/main.o
 .debug_macro   0x000000000001e398       0xa5 ./Core/Src/main.o
 .debug_macro   0x000000000001e43d      0x24f ./Core/Src/main.o
 .debug_macro   0x000000000001e68c       0x71 ./Core/Src/main.o
 .debug_macro   0x000000000001e6fd       0x58 ./Core/Src/main.o
 .debug_macro   0x000000000001e755      0x236 ./Core/Src/main.o
 .debug_macro   0x000000000001e98b      0x154 ./Core/Src/main.o
 .debug_macro   0x000000000001eadf      0x2c3 ./Core/Src/main.o
 .debug_macro   0x000000000001eda2       0x12 ./Core/Src/main.o
 .debug_macro   0x000000000001edb4      0x22c ./Core/Src/main.o
 .debug_macro   0x000000000001efe0       0x61 ./Core/Src/main.o
 .debug_macro   0x000000000001f041       0xa5 ./Core/Src/main.o
 .debug_macro   0x000000000001f0e6      0x12e ./Core/Src/main.o
 .debug_macro   0x000000000001f214      0x108 ./Core/Src/main.o
 .debug_macro   0x000000000001f31c       0x35 ./Core/Src/main.o
 .debug_macro   0x000000000001f351      0x25d ./Core/Src/main.o
 .debug_macro   0x000000000001f5ae       0xba ./Core/Src/main.o
 .debug_macro   0x000000000001f668      0x14d ./Core/Src/main.o
 .debug_macro   0x000000000001f7b5      0x667 ./Core/Src/main.o
 .debug_macro   0x000000000001fe1c       0x52 ./Core/Src/main.o
 .debug_macro   0x000000000001fe6e       0x1e ./Core/Src/main.o
 .debug_macro   0x000000000001fe8c       0x3c ./Core/Src/main.o
 .debug_macro   0x000000000001fec8       0x34 ./Core/Src/main.o
 .debug_macro   0x000000000001fefc       0x16 ./Core/Src/main.o
 .debug_macro   0x000000000001ff12       0x35 ./Core/Src/main.o
 .debug_macro   0x000000000001ff47      0x341 ./Core/Src/main.o
 .debug_macro   0x0000000000020288       0x10 ./Core/Src/main.o
 .debug_macro   0x0000000000020298       0x16 ./Core/Src/main.o
 .debug_macro   0x00000000000202ae       0x43 ./Core/Src/main.o
 .debug_macro   0x00000000000202f1       0x34 ./Core/Src/main.o
 .debug_macro   0x0000000000020325       0x10 ./Core/Src/main.o
 .debug_macro   0x0000000000020335       0x58 ./Core/Src/main.o
 .debug_macro   0x000000000002038d       0x71 ./Core/Src/main.o
 .debug_macro   0x00000000000203fe       0x1c ./Core/Src/main.o
 .debug_macro   0x000000000002041a      0x12a ./Core/Src/main.o
 .debug_macro   0x0000000000020544       0x10 ./Core/Src/main.o
 .debug_macro   0x0000000000020554       0x1c ./Core/Src/main.o
 .debug_macro   0x0000000000020570       0x52 ./Core/Src/main.o
 .debug_macro   0x00000000000205c2       0x22 ./Core/Src/main.o
 .debug_macro   0x00000000000205e4       0x10 ./Core/Src/main.o
 .debug_macro   0x00000000000205f4       0x52 ./Core/Src/main.o
 .debug_macro   0x0000000000020646       0xd5 ./Core/Src/main.o
 .debug_macro   0x000000000002071b       0x1c ./Core/Src/main.o
 .debug_macro   0x0000000000020737       0x3d ./Core/Src/main.o
 .debug_macro   0x0000000000020774       0x16 ./Core/Src/main.o
 .debug_macro   0x000000000002078a      0x145 ./Core/Src/main.o
 .debug_macro   0x00000000000208cf       0x16 ./Core/Src/main.o
 .debug_macro   0x00000000000208e5       0x16 ./Core/Src/main.o
 .debug_macro   0x00000000000208fb       0x29 ./Core/Src/main.o
 .debug_macro   0x0000000000020924       0x16 ./Core/Src/main.o
 .debug_macro   0x000000000002093a       0x20 ./Core/Src/main.o
 .debug_macro   0x000000000002095a       0x6b ./Core/Src/main.o
 .debug_macro   0x00000000000209c5      0x1c4 ./Core/Src/main.o
 .debug_macro   0x0000000000020b89       0x8f ./Core/Src/main.o
 .debug_macro   0x0000000000020c18       0x10 ./Core/Src/main.o
 .debug_macro   0x0000000000020c28      0x1ed ./Core/Src/stm32f7xx_hal_msp.o
 .debug_macro   0x0000000000020e15      0x1f7 ./Core/Src/stm32f7xx_it.o
 .debug_macro   0x000000000002100c       0xff ./Core/Src/sysmem.o
 .debug_macro   0x000000000002110b      0x23b ./Core/Src/sysmem.o
 .debug_macro   0x0000000000021346      0x1de ./Core/Src/system_stm32f7xx.o
 .debug_macro   0x0000000000021524      0x202 ./Drivers/STM32F7xx_HAL_Driver/Src/stm32f7xx_hal.o
 .debug_macro   0x0000000000021726      0x1de ./Drivers/STM32F7xx_HAL_Driver/Src/stm32f7xx_hal_cortex.o
 .debug_macro   0x0000000000021904      0x1e4 ./Drivers/STM32F7xx_HAL_Driver/Src/stm32f7xx_hal_gpio.o
 .debug_macro   0x0000000000021ae8      0x1ea ./Drivers/STM32F7xx_HAL_Driver/Src/stm32f7xx_hal_pcd.o
 .debug_macro   0x0000000000021cd2      0x1de ./Drivers/STM32F7xx_HAL_Driver/Src/stm32f7xx_hal_pcd_ex.o
 .debug_macro   0x0000000000021eb0      0x1fc ./Drivers/STM32F7xx_HAL_Driver/Src/stm32f7xx_hal_pwr.o
 .debug_macro   0x00000000000220ac      0x1f6 ./Drivers/STM32F7xx_HAL_Driver/Src/stm32f7xx_hal_pwr_ex.o
 .debug_macro   0x00000000000222a2      0x202 ./Drivers/STM32F7xx_HAL_Driver/Src/stm32f7xx_hal_rcc.o
 .debug_macro   0x00000000000224a4      0x1de ./Drivers/STM32F7xx_HAL_Driver/Src/stm32f7xx_hal_rcc_ex.o
 .debug_macro   0x0000000000022682      0x1de ./Drivers/STM32F7xx_HAL_Driver/Src/stm32f7xx_ll_usb.o
 .debug_macro   0x0000000000022860      0x403 ./Middlewares/ST/STM32_USB_Device_Library/Class/CDC/Src/usbd_cdc.o
 .debug_macro   0x0000000000022c63       0x97 ./Middlewares/ST/STM32_USB_Device_Library/Class/CDC/Src/usbd_cdc.o
 .debug_macro   0x0000000000022cfa       0xfd ./Middlewares/ST/STM32_USB_Device_Library/Class/CDC/Src/usbd_cdc.o
 .debug_macro   0x0000000000022df7       0x5d ./Middlewares/ST/STM32_USB_Device_Library/Class/CDC/Src/usbd_cdc.o
 .debug_macro   0x0000000000022e54      0x3ea ./Middlewares/ST/STM32_USB_Device_Library/Core/Src/usbd_core.o
 .debug_macro   0x000000000002323e      0x1ca ./Middlewares/ST/STM32_USB_Device_Library/Core/Src/usbd_core.o
 .debug_macro   0x0000000000023408      0x3f4 ./Middlewares/ST/STM32_USB_Device_Library/Core/Src/usbd_ctlreq.o
 .debug_macro   0x00000000000237fc      0x3f0 ./Middlewares/ST/STM32_USB_Device_Library/Core/Src/usbd_ioreq.o
 .debug_macro   0x0000000000023bec      0x423 ./USB_DEVICE/App/usb_device.o
 .debug_macro   0x000000000002400f      0x66d ./USB_DEVICE/App/usb_device.o
 .debug_macro   0x000000000002467c       0x22 ./USB_DEVICE/App/usb_device.o
 .debug_macro   0x000000000002469e       0x16 ./USB_DEVICE/App/usb_device.o
 .debug_macro   0x00000000000246b4      0x40e ./USB_DEVICE/App/usbd_cdc_if.o
 .debug_macro   0x0000000000024ac2      0x42d ./USB_DEVICE/App/usbd_desc.o
 .debug_macro   0x0000000000024eef       0x1c ./USB_DEVICE/App/usbd_desc.o
 .debug_macro   0x0000000000024f0b      0x3f4 ./USB_DEVICE/Target/usbd_conf.o

.debug_line     0x0000000000000000    0x10a7f
 .debug_line    0x0000000000000000      0xe7d ./Core/Src/main.o
 .debug_line    0x0000000000000e7d      0x67d ./Core/Src/stm32f7xx_hal_msp.o
 .debug_line    0x00000000000014fa      0x758 ./Core/Src/stm32f7xx_it.o
 .debug_line    0x0000000000001c52      0x48b ./Core/Src/sysmem.o
 .debug_line    0x00000000000020dd      0x6fd ./Core/Src/system_stm32f7xx.o
 .debug_line    0x00000000000027da       0x88 ./Core/Startup/startup_stm32f723iekx.o
 .debug_line    0x0000000000002862      0x98e ./Drivers/STM32F7xx_HAL_Driver/Src/stm32f7xx_hal.o
 .debug_line    0x00000000000031f0      0xc14 ./Drivers/STM32F7xx_HAL_Driver/Src/stm32f7xx_hal_cortex.o
 .debug_line    0x0000000000003e04      0xada ./Drivers/STM32F7xx_HAL_Driver/Src/stm32f7xx_hal_gpio.o
 .debug_line    0x00000000000048de     0x12aa ./Drivers/STM32F7xx_HAL_Driver/Src/stm32f7xx_hal_pcd.o
 .debug_line    0x0000000000005b88      0x78f ./Drivers/STM32F7xx_HAL_Driver/Src/stm32f7xx_hal_pcd_ex.o
 .debug_line    0x0000000000006317      0x892 ./Drivers/STM32F7xx_HAL_Driver/Src/stm32f7xx_hal_pwr.o
 .debug_line    0x0000000000006ba9      0x903 ./Drivers/STM32F7xx_HAL_Driver/Src/stm32f7xx_hal_pwr_ex.o
 .debug_line    0x00000000000074ac      0xdcf ./Drivers/STM32F7xx_HAL_Driver/Src/stm32f7xx_hal_rcc.o
 .debug_line    0x000000000000827b      0xcde ./Drivers/STM32F7xx_HAL_Driver/Src/stm32f7xx_hal_rcc_ex.o
 .debug_line    0x0000000000008f59     0x19c4 ./Drivers/STM32F7xx_HAL_Driver/Src/stm32f7xx_ll_usb.o
 .debug_line    0x000000000000a91d      0xd12 ./Middlewares/ST/STM32_USB_Device_Library/Class/CDC/Src/usbd_cdc.o
 .debug_line    0x000000000000b62f      0xd8f ./Middlewares/ST/STM32_USB_Device_Library/Core/Src/usbd_core.o
 .debug_line    0x000000000000c3be     0x105a ./Middlewares/ST/STM32_USB_Device_Library/Core/Src/usbd_ctlreq.o
 .debug_line    0x000000000000d418      0xa0f ./Middlewares/ST/STM32_USB_Device_Library/Core/Src/usbd_ioreq.o
 .debug_line    0x000000000000de27      0x9cb ./USB_DEVICE/App/usb_device.o
 .debug_line    0x000000000000e7f2      0xa2e ./USB_DEVICE/App/usbd_cdc_if.o
 .debug_line    0x000000000000f220      0xaaf ./USB_DEVICE/App/usbd_desc.o
 .debug_line    0x000000000000fccf      0xdb0 ./USB_DEVICE/Target/usbd_conf.o

.debug_str      0x0000000000000000    0xd36b4
 .debug_str     0x0000000000000000    0xcf77e ./Core/Src/main.o
                                      0xcfed2 (size before relaxing)
 .debug_str     0x00000000000cf77e       0x2c ./Core/Src/stm32f7xx_hal_msp.o
                                      0xcaf10 (size before relaxing)
 .debug_str     0x00000000000cf7aa      0x476 ./Core/Src/stm32f7xx_it.o
                                      0xcb287 (size before relaxing)
 .debug_str     0x00000000000cfc20      0x4da ./Core/Src/sysmem.o
                                       0x5db7 (size before relaxing)
 .debug_str     0x00000000000d00fa       0x87 ./Core/Src/system_stm32f7xx.o
                                      0xc95c3 (size before relaxing)
 .debug_str     0x00000000000d0181       0x36 ./Core/Startup/startup_stm32f723iekx.o
                                         0x77 (size before relaxing)
 .debug_str     0x00000000000d01b7      0x951 ./Drivers/STM32F7xx_HAL_Driver/Src/stm32f7xx_hal.o
                                      0xc9ec9 (size before relaxing)
 .debug_str     0x00000000000d0b08      0x34a ./Drivers/STM32F7xx_HAL_Driver/Src/stm32f7xx_hal_cortex.o
                                      0xc9e85 (size before relaxing)